Archive member included to satisfy reference by file (symbol)

/home/badger/prj/libopencm3/libopencm3-master//lib/libopencm3_stm32f0.a(gpio_common_all.o)
                              miniblink.o (gpio_toggle)
/home/badger/prj/libopencm3/libopencm3-master//lib/libopencm3_stm32f0.a(gpio_common_f0234.o)
                              miniblink.o (gpio_mode_setup)
/home/badger/prj/libopencm3/libopencm3-master//lib/libopencm3_stm32f0.a(rcc_common_all.o)
                              miniblink.o (rcc_periph_clock_enable)
/home/badger/prj/libopencm3/libopencm3-master//lib/libopencm3_stm32f0.a(vector.o)
                              (reset_handler)

Discarded input sections

 .group         0x0000000000000000        0x8 miniblink.o
 .group         0x0000000000000000        0x8 miniblink.o
 .group         0x0000000000000000        0x8 miniblink.o
 .group         0x0000000000000000        0x8 miniblink.o
 .group         0x0000000000000000        0x8 miniblink.o
 .group         0x0000000000000000        0x8 miniblink.o
 .group         0x0000000000000000        0x8 miniblink.o
 .group         0x0000000000000000        0x8 miniblink.o
 .group         0x0000000000000000        0x8 miniblink.o
 .group         0x0000000000000000        0x8 miniblink.o
 .group         0x0000000000000000        0x8 miniblink.o
 .group         0x0000000000000000        0x8 miniblink.o
 .group         0x0000000000000000        0x8 miniblink.o
 .group         0x0000000000000000        0x8 miniblink.o
 .group         0x0000000000000000        0x8 miniblink.o
 .text          0x0000000000000000        0x0 miniblink.o
 .data          0x0000000000000000        0x0 miniblink.o
 .bss           0x0000000000000000        0x0 miniblink.o
 .group         0x0000000000000000        0x8 /home/badger/prj/libopencm3/libopencm3-master//lib/libopencm3_stm32f0.a(gpio_common_all.o)
 .group         0x0000000000000000        0x8 /home/badger/prj/libopencm3/libopencm3-master//lib/libopencm3_stm32f0.a(gpio_common_all.o)
 .group         0x0000000000000000        0x8 /home/badger/prj/libopencm3/libopencm3-master//lib/libopencm3_stm32f0.a(gpio_common_all.o)
 .group         0x0000000000000000        0x8 /home/badger/prj/libopencm3/libopencm3-master//lib/libopencm3_stm32f0.a(gpio_common_all.o)
 .group         0x0000000000000000        0x8 /home/badger/prj/libopencm3/libopencm3-master//lib/libopencm3_stm32f0.a(gpio_common_all.o)
 .group         0x0000000000000000        0x8 /home/badger/prj/libopencm3/libopencm3-master//lib/libopencm3_stm32f0.a(gpio_common_all.o)
 .group         0x0000000000000000        0x8 /home/badger/prj/libopencm3/libopencm3-master//lib/libopencm3_stm32f0.a(gpio_common_all.o)
 .group         0x0000000000000000        0x8 /home/badger/prj/libopencm3/libopencm3-master//lib/libopencm3_stm32f0.a(gpio_common_all.o)
 .group         0x0000000000000000        0x8 /home/badger/prj/libopencm3/libopencm3-master//lib/libopencm3_stm32f0.a(gpio_common_all.o)
 .group         0x0000000000000000        0x8 /home/badger/prj/libopencm3/libopencm3-master//lib/libopencm3_stm32f0.a(gpio_common_all.o)
 .group         0x0000000000000000        0x8 /home/badger/prj/libopencm3/libopencm3-master//lib/libopencm3_stm32f0.a(gpio_common_all.o)
 .group         0x0000000000000000        0x8 /home/badger/prj/libopencm3/libopencm3-master//lib/libopencm3_stm32f0.a(gpio_common_all.o)
 .group         0x0000000000000000        0x8 /home/badger/prj/libopencm3/libopencm3-master//lib/libopencm3_stm32f0.a(gpio_common_all.o)
 .group         0x0000000000000000        0x8 /home/badger/prj/libopencm3/libopencm3-master//lib/libopencm3_stm32f0.a(gpio_common_all.o)
 .text          0x0000000000000000        0x0 /home/badger/prj/libopencm3/libopencm3-master//lib/libopencm3_stm32f0.a(gpio_common_all.o)
 .data          0x0000000000000000        0x0 /home/badger/prj/libopencm3/libopencm3-master//lib/libopencm3_stm32f0.a(gpio_common_all.o)
 .bss           0x0000000000000000        0x0 /home/badger/prj/libopencm3/libopencm3-master//lib/libopencm3_stm32f0.a(gpio_common_all.o)
 .text.gpio_set
                0x0000000000000000        0x4 /home/badger/prj/libopencm3/libopencm3-master//lib/libopencm3_stm32f0.a(gpio_common_all.o)
 .text.gpio_clear
                0x0000000000000000        0x6 /home/badger/prj/libopencm3/libopencm3-master//lib/libopencm3_stm32f0.a(gpio_common_all.o)
 .text.gpio_get
                0x0000000000000000        0x6 /home/badger/prj/libopencm3/libopencm3-master//lib/libopencm3_stm32f0.a(gpio_common_all.o)
 .text.gpio_port_read
                0x0000000000000000        0x6 /home/badger/prj/libopencm3/libopencm3-master//lib/libopencm3_stm32f0.a(gpio_common_all.o)
 .text.gpio_port_write
                0x0000000000000000        0x4 /home/badger/prj/libopencm3/libopencm3-master//lib/libopencm3_stm32f0.a(gpio_common_all.o)
 .text.gpio_port_config_lock
                0x0000000000000000       0x12 /home/badger/prj/libopencm3/libopencm3-master//lib/libopencm3_stm32f0.a(gpio_common_all.o)
 .debug_macro   0x0000000000000000      0x82c /home/badger/prj/libopencm3/libopencm3-master//lib/libopencm3_stm32f0.a(gpio_common_all.o)
 .debug_macro   0x0000000000000000       0x22 /home/badger/prj/libopencm3/libopencm3-master//lib/libopencm3_stm32f0.a(gpio_common_all.o)
 .debug_macro   0x0000000000000000       0x44 /home/badger/prj/libopencm3/libopencm3-master//lib/libopencm3_stm32f0.a(gpio_common_all.o)
 .debug_macro   0x0000000000000000       0xe3 /home/badger/prj/libopencm3/libopencm3-master//lib/libopencm3_stm32f0.a(gpio_common_all.o)
 .debug_macro   0x0000000000000000       0x22 /home/badger/prj/libopencm3/libopencm3-master//lib/libopencm3_stm32f0.a(gpio_common_all.o)
 .debug_macro   0x0000000000000000      0x1df /home/badger/prj/libopencm3/libopencm3-master//lib/libopencm3_stm32f0.a(gpio_common_all.o)
 .debug_macro   0x0000000000000000       0x22 /home/badger/prj/libopencm3/libopencm3-master//lib/libopencm3_stm32f0.a(gpio_common_all.o)
 .debug_macro   0x0000000000000000       0xfa /home/badger/prj/libopencm3/libopencm3-master//lib/libopencm3_stm32f0.a(gpio_common_all.o)
 .debug_macro   0x0000000000000000       0x34 /home/badger/prj/libopencm3/libopencm3-master//lib/libopencm3_stm32f0.a(gpio_common_all.o)
 .debug_macro   0x0000000000000000      0x15a /home/badger/prj/libopencm3/libopencm3-master//lib/libopencm3_stm32f0.a(gpio_common_all.o)
 .debug_macro   0x0000000000000000       0x76 /home/badger/prj/libopencm3/libopencm3-master//lib/libopencm3_stm32f0.a(gpio_common_all.o)
 .debug_macro   0x0000000000000000      0x2e6 /home/badger/prj/libopencm3/libopencm3-master//lib/libopencm3_stm32f0.a(gpio_common_all.o)
 .debug_macro   0x0000000000000000      0x14e /home/badger/prj/libopencm3/libopencm3-master//lib/libopencm3_stm32f0.a(gpio_common_all.o)
 .debug_macro   0x0000000000000000       0x3a /home/badger/prj/libopencm3/libopencm3-master//lib/libopencm3_stm32f0.a(gpio_common_all.o)
 .group         0x0000000000000000        0x8 /home/badger/prj/libopencm3/libopencm3-master//lib/libopencm3_stm32f0.a(gpio_common_f0234.o)
 .group         0x0000000000000000        0x8 /home/badger/prj/libopencm3/libopencm3-master//lib/libopencm3_stm32f0.a(gpio_common_f0234.o)
 .group         0x0000000000000000        0x8 /home/badger/prj/libopencm3/libopencm3-master//lib/libopencm3_stm32f0.a(gpio_common_f0234.o)
 .group         0x0000000000000000        0x8 /home/badger/prj/libopencm3/libopencm3-master//lib/libopencm3_stm32f0.a(gpio_common_f0234.o)
 .group         0x0000000000000000        0x8 /home/badger/prj/libopencm3/libopencm3-master//lib/libopencm3_stm32f0.a(gpio_common_f0234.o)
 .group         0x0000000000000000        0x8 /home/badger/prj/libopencm3/libopencm3-master//lib/libopencm3_stm32f0.a(gpio_common_f0234.o)
 .group         0x0000000000000000        0x8 /home/badger/prj/libopencm3/libopencm3-master//lib/libopencm3_stm32f0.a(gpio_common_f0234.o)
 .group         0x0000000000000000        0x8 /home/badger/prj/libopencm3/libopencm3-master//lib/libopencm3_stm32f0.a(gpio_common_f0234.o)
 .group         0x0000000000000000        0x8 /home/badger/prj/libopencm3/libopencm3-master//lib/libopencm3_stm32f0.a(gpio_common_f0234.o)
 .group         0x0000000000000000        0x8 /home/badger/prj/libopencm3/libopencm3-master//lib/libopencm3_stm32f0.a(gpio_common_f0234.o)
 .group         0x0000000000000000        0x8 /home/badger/prj/libopencm3/libopencm3-master//lib/libopencm3_stm32f0.a(gpio_common_f0234.o)
 .group         0x0000000000000000        0x8 /home/badger/prj/libopencm3/libopencm3-master//lib/libopencm3_stm32f0.a(gpio_common_f0234.o)
 .group         0x0000000000000000        0x8 /home/badger/prj/libopencm3/libopencm3-master//lib/libopencm3_stm32f0.a(gpio_common_f0234.o)
 .group         0x0000000000000000        0x8 /home/badger/prj/libopencm3/libopencm3-master//lib/libopencm3_stm32f0.a(gpio_common_f0234.o)
 .text          0x0000000000000000        0x0 /home/badger/prj/libopencm3/libopencm3-master//lib/libopencm3_stm32f0.a(gpio_common_f0234.o)
 .data          0x0000000000000000        0x0 /home/badger/prj/libopencm3/libopencm3-master//lib/libopencm3_stm32f0.a(gpio_common_f0234.o)
 .bss           0x0000000000000000        0x0 /home/badger/prj/libopencm3/libopencm3-master//lib/libopencm3_stm32f0.a(gpio_common_f0234.o)
 .text.gpio_set_output_options
                0x0000000000000000       0x36 /home/badger/prj/libopencm3/libopencm3-master//lib/libopencm3_stm32f0.a(gpio_common_f0234.o)
 .text.gpio_set_af
                0x0000000000000000       0x4e /home/badger/prj/libopencm3/libopencm3-master//lib/libopencm3_stm32f0.a(gpio_common_f0234.o)
 .debug_macro   0x0000000000000000      0x82c /home/badger/prj/libopencm3/libopencm3-master//lib/libopencm3_stm32f0.a(gpio_common_f0234.o)
 .debug_macro   0x0000000000000000       0x22 /home/badger/prj/libopencm3/libopencm3-master//lib/libopencm3_stm32f0.a(gpio_common_f0234.o)
 .debug_macro   0x0000000000000000       0x44 /home/badger/prj/libopencm3/libopencm3-master//lib/libopencm3_stm32f0.a(gpio_common_f0234.o)
 .debug_macro   0x0000000000000000       0xe3 /home/badger/prj/libopencm3/libopencm3-master//lib/libopencm3_stm32f0.a(gpio_common_f0234.o)
 .debug_macro   0x0000000000000000       0x22 /home/badger/prj/libopencm3/libopencm3-master//lib/libopencm3_stm32f0.a(gpio_common_f0234.o)
 .debug_macro   0x0000000000000000      0x1df /home/badger/prj/libopencm3/libopencm3-master//lib/libopencm3_stm32f0.a(gpio_common_f0234.o)
 .debug_macro   0x0000000000000000       0x22 /home/badger/prj/libopencm3/libopencm3-master//lib/libopencm3_stm32f0.a(gpio_common_f0234.o)
 .debug_macro   0x0000000000000000       0xfa /home/badger/prj/libopencm3/libopencm3-master//lib/libopencm3_stm32f0.a(gpio_common_f0234.o)
 .debug_macro   0x0000000000000000       0x34 /home/badger/prj/libopencm3/libopencm3-master//lib/libopencm3_stm32f0.a(gpio_common_f0234.o)
 .debug_macro   0x0000000000000000      0x15a /home/badger/prj/libopencm3/libopencm3-master//lib/libopencm3_stm32f0.a(gpio_common_f0234.o)
 .debug_macro   0x0000000000000000       0x76 /home/badger/prj/libopencm3/libopencm3-master//lib/libopencm3_stm32f0.a(gpio_common_f0234.o)
 .debug_macro   0x0000000000000000      0x2e6 /home/badger/prj/libopencm3/libopencm3-master//lib/libopencm3_stm32f0.a(gpio_common_f0234.o)
 .debug_macro   0x0000000000000000      0x14e /home/badger/prj/libopencm3/libopencm3-master//lib/libopencm3_stm32f0.a(gpio_common_f0234.o)
 .debug_macro   0x0000000000000000       0x3a /home/badger/prj/libopencm3/libopencm3-master//lib/libopencm3_stm32f0.a(gpio_common_f0234.o)
 .group         0x0000000000000000        0x8 /home/badger/prj/libopencm3/libopencm3-master//lib/libopencm3_stm32f0.a(rcc_common_all.o)
 .group         0x0000000000000000        0x8 /home/badger/prj/libopencm3/libopencm3-master//lib/libopencm3_stm32f0.a(rcc_common_all.o)
 .group         0x0000000000000000        0x8 /home/badger/prj/libopencm3/libopencm3-master//lib/libopencm3_stm32f0.a(rcc_common_all.o)
 .group         0x0000000000000000        0x8 /home/badger/prj/libopencm3/libopencm3-master//lib/libopencm3_stm32f0.a(rcc_common_all.o)
 .group         0x0000000000000000        0x8 /home/badger/prj/libopencm3/libopencm3-master//lib/libopencm3_stm32f0.a(rcc_common_all.o)
 .group         0x0000000000000000        0x8 /home/badger/prj/libopencm3/libopencm3-master//lib/libopencm3_stm32f0.a(rcc_common_all.o)
 .group         0x0000000000000000        0x8 /home/badger/prj/libopencm3/libopencm3-master//lib/libopencm3_stm32f0.a(rcc_common_all.o)
 .group         0x0000000000000000        0x8 /home/badger/prj/libopencm3/libopencm3-master//lib/libopencm3_stm32f0.a(rcc_common_all.o)
 .group         0x0000000000000000        0x8 /home/badger/prj/libopencm3/libopencm3-master//lib/libopencm3_stm32f0.a(rcc_common_all.o)
 .group         0x0000000000000000        0x8 /home/badger/prj/libopencm3/libopencm3-master//lib/libopencm3_stm32f0.a(rcc_common_all.o)
 .group         0x0000000000000000        0x8 /home/badger/prj/libopencm3/libopencm3-master//lib/libopencm3_stm32f0.a(rcc_common_all.o)
 .text          0x0000000000000000        0x0 /home/badger/prj/libopencm3/libopencm3-master//lib/libopencm3_stm32f0.a(rcc_common_all.o)
 .data          0x0000000000000000        0x0 /home/badger/prj/libopencm3/libopencm3-master//lib/libopencm3_stm32f0.a(rcc_common_all.o)
 .bss           0x0000000000000000        0x0 /home/badger/prj/libopencm3/libopencm3-master//lib/libopencm3_stm32f0.a(rcc_common_all.o)
 .text.rcc_peripheral_enable_clock
                0x0000000000000000        0x8 /home/badger/prj/libopencm3/libopencm3-master//lib/libopencm3_stm32f0.a(rcc_common_all.o)
 .text.rcc_peripheral_disable_clock
                0x0000000000000000        0x8 /home/badger/prj/libopencm3/libopencm3-master//lib/libopencm3_stm32f0.a(rcc_common_all.o)
 .text.rcc_peripheral_reset
                0x0000000000000000        0x8 /home/badger/prj/libopencm3/libopencm3-master//lib/libopencm3_stm32f0.a(rcc_common_all.o)
 .text.rcc_peripheral_clear_reset
                0x0000000000000000        0x8 /home/badger/prj/libopencm3/libopencm3-master//lib/libopencm3_stm32f0.a(rcc_common_all.o)
 .text.rcc_periph_clock_disable
                0x0000000000000000       0x1c /home/badger/prj/libopencm3/libopencm3-master//lib/libopencm3_stm32f0.a(rcc_common_all.o)
 .text.rcc_periph_reset_pulse
                0x0000000000000000       0x24 /home/badger/prj/libopencm3/libopencm3-master//lib/libopencm3_stm32f0.a(rcc_common_all.o)
 .text.rcc_periph_reset_hold
                0x0000000000000000       0x20 /home/badger/prj/libopencm3/libopencm3-master//lib/libopencm3_stm32f0.a(rcc_common_all.o)
 .text.rcc_periph_reset_release
                0x0000000000000000       0x1c /home/badger/prj/libopencm3/libopencm3-master//lib/libopencm3_stm32f0.a(rcc_common_all.o)
 .text.rcc_set_mco
                0x0000000000000000       0x18 /home/badger/prj/libopencm3/libopencm3-master//lib/libopencm3_stm32f0.a(rcc_common_all.o)
 .text.rcc_osc_bypass_enable
                0x0000000000000000       0x28 /home/badger/prj/libopencm3/libopencm3-master//lib/libopencm3_stm32f0.a(rcc_common_all.o)
 .text.rcc_osc_bypass_disable
                0x0000000000000000       0x2c /home/badger/prj/libopencm3/libopencm3-master//lib/libopencm3_stm32f0.a(rcc_common_all.o)
 .debug_macro   0x0000000000000000      0x82c /home/badger/prj/libopencm3/libopencm3-master//lib/libopencm3_stm32f0.a(rcc_common_all.o)
 .debug_macro   0x0000000000000000       0x22 /home/badger/prj/libopencm3/libopencm3-master//lib/libopencm3_stm32f0.a(rcc_common_all.o)
 .debug_macro   0x0000000000000000       0x44 /home/badger/prj/libopencm3/libopencm3-master//lib/libopencm3_stm32f0.a(rcc_common_all.o)
 .debug_macro   0x0000000000000000       0xe3 /home/badger/prj/libopencm3/libopencm3-master//lib/libopencm3_stm32f0.a(rcc_common_all.o)
 .debug_macro   0x0000000000000000       0x22 /home/badger/prj/libopencm3/libopencm3-master//lib/libopencm3_stm32f0.a(rcc_common_all.o)
 .debug_macro   0x0000000000000000      0x1df /home/badger/prj/libopencm3/libopencm3-master//lib/libopencm3_stm32f0.a(rcc_common_all.o)
 .debug_macro   0x0000000000000000       0x22 /home/badger/prj/libopencm3/libopencm3-master//lib/libopencm3_stm32f0.a(rcc_common_all.o)
 .debug_macro   0x0000000000000000       0xfa /home/badger/prj/libopencm3/libopencm3-master//lib/libopencm3_stm32f0.a(rcc_common_all.o)
 .debug_macro   0x0000000000000000       0x34 /home/badger/prj/libopencm3/libopencm3-master//lib/libopencm3_stm32f0.a(rcc_common_all.o)
 .debug_macro   0x0000000000000000      0x15a /home/badger/prj/libopencm3/libopencm3-master//lib/libopencm3_stm32f0.a(rcc_common_all.o)
 .debug_macro   0x0000000000000000      0x746 /home/badger/prj/libopencm3/libopencm3-master//lib/libopencm3_stm32f0.a(rcc_common_all.o)
 .group         0x0000000000000000        0x8 /home/badger/prj/libopencm3/libopencm3-master//lib/libopencm3_stm32f0.a(vector.o)
 .group         0x0000000000000000        0x8 /home/badger/prj/libopencm3/libopencm3-master//lib/libopencm3_stm32f0.a(vector.o)
 .group         0x0000000000000000        0x8 /home/badger/prj/libopencm3/libopencm3-master//lib/libopencm3_stm32f0.a(vector.o)
 .group         0x0000000000000000        0x8 /home/badger/prj/libopencm3/libopencm3-master//lib/libopencm3_stm32f0.a(vector.o)
 .group         0x0000000000000000        0x8 /home/badger/prj/libopencm3/libopencm3-master//lib/libopencm3_stm32f0.a(vector.o)
 .group         0x0000000000000000        0x8 /home/badger/prj/libopencm3/libopencm3-master//lib/libopencm3_stm32f0.a(vector.o)
 .group         0x0000000000000000        0x8 /home/badger/prj/libopencm3/libopencm3-master//lib/libopencm3_stm32f0.a(vector.o)
 .group         0x0000000000000000        0x8 /home/badger/prj/libopencm3/libopencm3-master//lib/libopencm3_stm32f0.a(vector.o)
 .group         0x0000000000000000        0x8 /home/badger/prj/libopencm3/libopencm3-master//lib/libopencm3_stm32f0.a(vector.o)
 .group         0x0000000000000000        0x8 /home/badger/prj/libopencm3/libopencm3-master//lib/libopencm3_stm32f0.a(vector.o)
 .group         0x0000000000000000        0x8 /home/badger/prj/libopencm3/libopencm3-master//lib/libopencm3_stm32f0.a(vector.o)
 .group         0x0000000000000000        0x8 /home/badger/prj/libopencm3/libopencm3-master//lib/libopencm3_stm32f0.a(vector.o)
 .text          0x0000000000000000        0x0 /home/badger/prj/libopencm3/libopencm3-master//lib/libopencm3_stm32f0.a(vector.o)
 .data          0x0000000000000000        0x0 /home/badger/prj/libopencm3/libopencm3-master//lib/libopencm3_stm32f0.a(vector.o)
 .bss           0x0000000000000000        0x0 /home/badger/prj/libopencm3/libopencm3-master//lib/libopencm3_stm32f0.a(vector.o)
 .debug_macro   0x0000000000000000      0x82c /home/badger/prj/libopencm3/libopencm3-master//lib/libopencm3_stm32f0.a(vector.o)
 .debug_macro   0x0000000000000000       0x34 /home/badger/prj/libopencm3/libopencm3-master//lib/libopencm3_stm32f0.a(vector.o)
 .debug_macro   0x0000000000000000       0x22 /home/badger/prj/libopencm3/libopencm3-master//lib/libopencm3_stm32f0.a(vector.o)
 .debug_macro   0x0000000000000000       0x44 /home/badger/prj/libopencm3/libopencm3-master//lib/libopencm3_stm32f0.a(vector.o)
 .debug_macro   0x0000000000000000       0xe3 /home/badger/prj/libopencm3/libopencm3-master//lib/libopencm3_stm32f0.a(vector.o)
 .debug_macro   0x0000000000000000       0x22 /home/badger/prj/libopencm3/libopencm3-master//lib/libopencm3_stm32f0.a(vector.o)
 .debug_macro   0x0000000000000000      0x1df /home/badger/prj/libopencm3/libopencm3-master//lib/libopencm3_stm32f0.a(vector.o)
 .debug_macro   0x0000000000000000       0x22 /home/badger/prj/libopencm3/libopencm3-master//lib/libopencm3_stm32f0.a(vector.o)
 .debug_macro   0x0000000000000000       0xfa /home/badger/prj/libopencm3/libopencm3-master//lib/libopencm3_stm32f0.a(vector.o)

Memory Configuration

Name             Origin             Length             Attributes
rom              0x0000000008000000 0x0000000000020000 xr
ram              0x0000000020000000 0x0000000000004000 xrw
*default*        0x0000000000000000 0xffffffffffffffff

Linker script and memory map

LOAD miniblink.o
LOAD /home/badger/prj/libopencm3/libopencm3-master//lib/libopencm3_stm32f0.a
START GROUP
LOAD /usr/lib/gcc/arm-none-eabi/4.9.3/../../../arm-none-eabi/lib/armv6-m/libc.a
LOAD /usr/lib/gcc/arm-none-eabi/4.9.3/armv6-m/libgcc.a
LOAD /usr/lib/gcc/arm-none-eabi/4.9.3/../../../arm-none-eabi/lib/armv6-m/libnosys.a
END GROUP
START GROUP
LOAD /usr/lib/gcc/arm-none-eabi/4.9.3/armv6-m/libgcc.a
LOAD /usr/lib/gcc/arm-none-eabi/4.9.3/../../../arm-none-eabi/lib/armv6-m/libg.a
LOAD /usr/lib/gcc/arm-none-eabi/4.9.3/../../../arm-none-eabi/lib/armv6-m/libc.a
END GROUP

.text           0x0000000008000000      0x1f4
 *(.vectors)
 .vectors       0x0000000008000000       0xc0 /home/badger/prj/libopencm3/libopencm3-master//lib/libopencm3_stm32f0.a(vector.o)
                0x0000000008000000                vector_table
 *(.text*)
 .text.startup.main
                0x00000000080000c0       0x34 miniblink.o
                0x00000000080000c0                main
 .text.gpio_toggle
                0x00000000080000f4       0x10 /home/badger/prj/libopencm3/libopencm3-master//lib/libopencm3_stm32f0.a(gpio_common_all.o)
                0x00000000080000f4                gpio_toggle
 .text.gpio_mode_setup
                0x0000000008000104       0x3c /home/badger/prj/libopencm3/libopencm3-master//lib/libopencm3_stm32f0.a(gpio_common_f0234.o)
                0x0000000008000104                gpio_mode_setup
 .text.rcc_periph_clock_enable
                0x0000000008000140       0x20 /home/badger/prj/libopencm3/libopencm3-master//lib/libopencm3_stm32f0.a(rcc_common_all.o)
                0x0000000008000140                rcc_periph_clock_enable
 .text.blocking_handler
                0x0000000008000160        0x2 /home/badger/prj/libopencm3/libopencm3-master//lib/libopencm3_stm32f0.a(vector.o)
                0x0000000008000160                rtc_isr
                0x0000000008000160                tim7_isr
                0x0000000008000160                blocking_handler
                0x0000000008000160                tsc_isr
                0x0000000008000160                spi1_isr
                0x0000000008000160                i2c1_isr
                0x0000000008000160                tim17_isr
                0x0000000008000160                i2c2_isr
                0x0000000008000160                usart1_isr
                0x0000000008000160                usart3_4_isr
                0x0000000008000160                tim1_cc_isr
                0x0000000008000160                exti2_3_isr
                0x0000000008000160                tim16_isr
                0x0000000008000160                pvd_isr
                0x0000000008000160                rcc_isr
                0x0000000008000160                flash_isr
                0x0000000008000160                hard_fault_handler
                0x0000000008000160                tim14_isr
                0x0000000008000160                spi2_isr
                0x0000000008000160                usb_isr
                0x0000000008000160                tim15_isr
                0x0000000008000160                tim3_isr
                0x0000000008000160                usart2_isr
                0x0000000008000160                adc_comp_isr
                0x0000000008000160                dma1_channel1_isr
                0x0000000008000160                tim6_dac_isr
                0x0000000008000160                tim1_brk_up_trg_com_isr
                0x0000000008000160                dma1_channel2_3_isr
                0x0000000008000160                exti4_15_isr
                0x0000000008000160                cec_can_isr
                0x0000000008000160                wwdg_isr
                0x0000000008000160                tim2_isr
                0x0000000008000160                dma1_channel4_5_isr
                0x0000000008000160                exti0_1_isr
 .text.null_handler
                0x0000000008000162        0x2 /home/badger/prj/libopencm3/libopencm3-master//lib/libopencm3_stm32f0.a(vector.o)
                0x0000000008000162                null_handler
                0x0000000008000162                sv_call_handler
                0x0000000008000162                pend_sv_handler
                0x0000000008000162                sys_tick_handler
                0x0000000008000162                nmi_handler
 .text.reset_handler
                0x0000000008000164       0x90 /home/badger/prj/libopencm3/libopencm3-master//lib/libopencm3_stm32f0.a(vector.o)
                0x0000000008000164                reset_handler
                0x00000000080001f4                . = ALIGN (0x4)
 *(.rodata*)
                0x00000000080001f4                . = ALIGN (0x4)

.glue_7         0x00000000080001f4        0x0
 .glue_7        0x00000000080001f4        0x0 linker stubs

.glue_7t        0x00000000080001f4        0x0
 .glue_7t       0x00000000080001f4        0x0 linker stubs

.vfp11_veneer   0x00000000080001f4        0x0
 .vfp11_veneer  0x00000000080001f4        0x0 linker stubs

.v4_bx          0x00000000080001f4        0x0
 .v4_bx         0x00000000080001f4        0x0 linker stubs

.iplt           0x00000000080001f4        0x0
 .iplt          0x00000000080001f4        0x0 miniblink.o

.rel.dyn        0x00000000080001f4        0x0
 .rel.iplt      0x00000000080001f4        0x0 miniblink.o

.preinit_array  0x00000000080001f4        0x0
                0x00000000080001f4                . = ALIGN (0x4)
                0x00000000080001f4                __preinit_array_start = .
 *(.preinit_array)
                0x00000000080001f4                __preinit_array_end = .

.init_array     0x00000000080001f4        0x0
                0x00000000080001f4                . = ALIGN (0x4)
                0x00000000080001f4                __init_array_start = .
 *(SORT(.init_array.*))
 *(.init_array)
                0x00000000080001f4                __init_array_end = .

.fini_array     0x00000000080001f4        0x0
                0x00000000080001f4                . = ALIGN (0x4)
                0x00000000080001f4                __fini_array_start = .
 *(.fini_array)
 *(SORT(.fini_array.*))
                0x00000000080001f4                __fini_array_end = .

.ARM.extab
 *(.ARM.extab*)

.ARM.exidx      0x00000000080001f4        0x0
                0x00000000080001f4                __exidx_start = .
 *(.ARM.exidx*)
                0x00000000080001f4                __exidx_end = .
                0x00000000080001f4                . = ALIGN (0x4)
                0x00000000080001f4                _etext = .

.data           0x0000000020000000        0x0 load address 0x00000000080001f4
                0x0000000020000000                _data = .
 *(.data*)
                0x0000000020000000                . = ALIGN (0x4)
                0x0000000020000000                _edata = .
                0x00000000080001f4                _data_loadaddr = LOADADDR (.data)

.igot.plt       0x0000000020000000        0x0 load address 0x00000000080001f4
 .igot.plt      0x0000000020000000        0x0 miniblink.o

.bss            0x0000000020000000        0x0 load address 0x00000000080001f4
 *(.bss*)
 *(COMMON)
                0x0000000020000000                . = ALIGN (0x4)
                0x0000000020000000                _ebss = .

/DISCARD/
 *(.eh_frame)
                0x0000000020000000                . = ALIGN (0x4)
                0x0000000020000000                end = .
                0x0000000020004000                PROVIDE (_stack, (ORIGIN (ram) + LENGTH (ram)))
OUTPUT(miniblink.elf elf32-littlearm)

.debug_info     0x0000000000000000      0xe95
 .debug_info    0x0000000000000000      0x2ca miniblink.o
 .debug_info    0x00000000000002ca      0x22c /home/badger/prj/libopencm3/libopencm3-master//lib/libopencm3_stm32f0.a(gpio_common_all.o)
 .debug_info    0x00000000000004f6      0x1f3 /home/badger/prj/libopencm3/libopencm3-master//lib/libopencm3_stm32f0.a(gpio_common_f0234.o)
 .debug_info    0x00000000000006e9      0x505 /home/badger/prj/libopencm3/libopencm3-master//lib/libopencm3_stm32f0.a(rcc_common_all.o)
 .debug_info    0x0000000000000bee      0x2a7 /home/badger/prj/libopencm3/libopencm3-master//lib/libopencm3_stm32f0.a(vector.o)

.debug_abbrev   0x0000000000000000      0x4c1
 .debug_abbrev  0x0000000000000000       0xff miniblink.o
 .debug_abbrev  0x00000000000000ff      0x10e /home/badger/prj/libopencm3/libopencm3-master//lib/libopencm3_stm32f0.a(gpio_common_all.o)
 .debug_abbrev  0x000000000000020d       0xb7 /home/badger/prj/libopencm3/libopencm3-master//lib/libopencm3_stm32f0.a(gpio_common_f0234.o)
 .debug_abbrev  0x00000000000002c4       0xd0 /home/badger/prj/libopencm3/libopencm3-master//lib/libopencm3_stm32f0.a(rcc_common_all.o)
 .debug_abbrev  0x0000000000000394      0x12d /home/badger/prj/libopencm3/libopencm3-master//lib/libopencm3_stm32f0.a(vector.o)

.debug_loc      0x0000000000000000      0x404
 .debug_loc     0x0000000000000000       0x4d miniblink.o
 .debug_loc     0x000000000000004d       0x76 /home/badger/prj/libopencm3/libopencm3-master//lib/libopencm3_stm32f0.a(gpio_common_all.o)
 .debug_loc     0x00000000000000c3      0x17f /home/badger/prj/libopencm3/libopencm3-master//lib/libopencm3_stm32f0.a(gpio_common_f0234.o)
 .debug_loc     0x0000000000000242      0x108 /home/badger/prj/libopencm3/libopencm3-master//lib/libopencm3_stm32f0.a(rcc_common_all.o)
 .debug_loc     0x000000000000034a       0xba /home/badger/prj/libopencm3/libopencm3-master//lib/libopencm3_stm32f0.a(vector.o)

.debug_aranges  0x0000000000000000      0x148
 .debug_aranges
                0x0000000000000000       0x20 miniblink.o
 .debug_aranges
                0x0000000000000020       0x50 /home/badger/prj/libopencm3/libopencm3-master//lib/libopencm3_stm32f0.a(gpio_common_all.o)
 .debug_aranges
                0x0000000000000070       0x30 /home/badger/prj/libopencm3/libopencm3-master//lib/libopencm3_stm32f0.a(gpio_common_f0234.o)
 .debug_aranges
                0x00000000000000a0       0x78 /home/badger/prj/libopencm3/libopencm3-master//lib/libopencm3_stm32f0.a(rcc_common_all.o)
 .debug_aranges
                0x0000000000000118       0x30 /home/badger/prj/libopencm3/libopencm3-master//lib/libopencm3_stm32f0.a(vector.o)

.debug_ranges   0x0000000000000000       0xf8
 .debug_ranges  0x0000000000000000       0x10 miniblink.o
 .debug_ranges  0x0000000000000010       0x40 /home/badger/prj/libopencm3/libopencm3-master//lib/libopencm3_stm32f0.a(gpio_common_all.o)
 .debug_ranges  0x0000000000000050       0x20 /home/badger/prj/libopencm3/libopencm3-master//lib/libopencm3_stm32f0.a(gpio_common_f0234.o)
 .debug_ranges  0x0000000000000070       0x68 /home/badger/prj/libopencm3/libopencm3-master//lib/libopencm3_stm32f0.a(rcc_common_all.o)
 .debug_ranges  0x00000000000000d8       0x20 /home/badger/prj/libopencm3/libopencm3-master//lib/libopencm3_stm32f0.a(vector.o)

.debug_macro    0x0000000000000000     0x2108
 .debug_macro   0x0000000000000000       0xec miniblink.o
 .debug_macro   0x00000000000000ec      0x82c miniblink.o
 .debug_macro   0x0000000000000918       0x22 miniblink.o
 .debug_macro   0x000000000000093a       0x44 miniblink.o
 .debug_macro   0x000000000000097e       0xe3 miniblink.o
 .debug_macro   0x0000000000000a61       0x22 miniblink.o
 .debug_macro   0x0000000000000a83      0x1df miniblink.o
 .debug_macro   0x0000000000000c62       0x22 miniblink.o
 .debug_macro   0x0000000000000c84       0xfa miniblink.o
 .debug_macro   0x0000000000000d7e       0x34 miniblink.o
 .debug_macro   0x0000000000000db2      0x15a miniblink.o
 .debug_macro   0x0000000000000f0c      0x746 miniblink.o
 .debug_macro   0x0000000000001652       0x76 miniblink.o
 .debug_macro   0x00000000000016c8      0x2e6 miniblink.o
 .debug_macro   0x00000000000019ae      0x14e miniblink.o
 .debug_macro   0x0000000000001afc       0x3a miniblink.o
 .debug_macro   0x0000000000001b36       0xc8 /home/badger/prj/libopencm3/libopencm3-master//lib/libopencm3_stm32f0.a(gpio_common_all.o)
 .debug_macro   0x0000000000001bfe       0xc8 /home/badger/prj/libopencm3/libopencm3-master//lib/libopencm3_stm32f0.a(gpio_common_f0234.o)
 .debug_macro   0x0000000000001cc6       0xc0 /home/badger/prj/libopencm3/libopencm3-master//lib/libopencm3_stm32f0.a(rcc_common_all.o)
 .debug_macro   0x0000000000001d86       0xc1 /home/badger/prj/libopencm3/libopencm3-master//lib/libopencm3_stm32f0.a(vector.o)
 .debug_macro   0x0000000000001e47      0x1b1 /home/badger/prj/libopencm3/libopencm3-master//lib/libopencm3_stm32f0.a(vector.o)
 .debug_macro   0x0000000000001ff8       0x46 /home/badger/prj/libopencm3/libopencm3-master//lib/libopencm3_stm32f0.a(vector.o)
 .debug_macro   0x000000000000203e       0xca /home/badger/prj/libopencm3/libopencm3-master//lib/libopencm3_stm32f0.a(vector.o)

.debug_line     0x0000000000000000      0xde3
 .debug_line    0x0000000000000000      0x2f9 miniblink.o
 .debug_line    0x00000000000002f9      0x2bb /home/badger/prj/libopencm3/libopencm3-master//lib/libopencm3_stm32f0.a(gpio_common_all.o)
 .debug_line    0x00000000000005b4      0x2a8 /home/badger/prj/libopencm3/libopencm3-master//lib/libopencm3_stm32f0.a(gpio_common_f0234.o)
 .debug_line    0x000000000000085c      0x2f5 /home/badger/prj/libopencm3/libopencm3-master//lib/libopencm3_stm32f0.a(rcc_common_all.o)
 .debug_line    0x0000000000000b51      0x292 /home/badger/prj/libopencm3/libopencm3-master//lib/libopencm3_stm32f0.a(vector.o)

.debug_str      0x0000000000000000     0x8edb
 .debug_str     0x0000000000000000     0x76e6 miniblink.o
                                       0x7860 (size before relaxing)
 .debug_str     0x00000000000076e6      0x13c /home/badger/prj/libopencm3/libopencm3-master//lib/libopencm3_stm32f0.a(gpio_common_all.o)
                                       0x5225 (size before relaxing)
 .debug_str     0x0000000000007822       0x8a /home/badger/prj/libopencm3/libopencm3-master//lib/libopencm3_stm32f0.a(gpio_common_f0234.o)
                                       0x5247 (size before relaxing)
 .debug_str     0x00000000000078ac      0x33e /home/badger/prj/libopencm3/libopencm3-master//lib/libopencm3_stm32f0.a(rcc_common_all.o)
                                       0x66b2 (size before relaxing)
 .debug_str     0x0000000000007bea     0x12f1 /home/badger/prj/libopencm3/libopencm3-master//lib/libopencm3_stm32f0.a(vector.o)
                                       0x4719 (size before relaxing)

.comment        0x0000000000000000       0x38
 .comment       0x0000000000000000       0x38 miniblink.o
                                         0x39 (size before relaxing)
 .comment       0x0000000000000038       0x39 /home/badger/prj/libopencm3/libopencm3-master//lib/libopencm3_stm32f0.a(gpio_common_all.o)
 .comment       0x0000000000000038       0x39 /home/badger/prj/libopencm3/libopencm3-master//lib/libopencm3_stm32f0.a(gpio_common_f0234.o)
 .comment       0x0000000000000038       0x39 /home/badger/prj/libopencm3/libopencm3-master//lib/libopencm3_stm32f0.a(rcc_common_all.o)
 .comment       0x0000000000000038       0x39 /home/badger/prj/libopencm3/libopencm3-master//lib/libopencm3_stm32f0.a(vector.o)

.ARM.attributes
                0x0000000000000000       0x31
 .ARM.attributes
                0x0000000000000000       0x31 miniblink.o
 .ARM.attributes
                0x0000000000000031       0x31 /home/badger/prj/libopencm3/libopencm3-master//lib/libopencm3_stm32f0.a(gpio_common_all.o)
 .ARM.attributes
                0x0000000000000062       0x31 /home/badger/prj/libopencm3/libopencm3-master//lib/libopencm3_stm32f0.a(gpio_common_f0234.o)
 .ARM.attributes
                0x0000000000000093       0x31 /home/badger/prj/libopencm3/libopencm3-master//lib/libopencm3_stm32f0.a(rcc_common_all.o)
 .ARM.attributes
                0x00000000000000c4       0x31 /home/badger/prj/libopencm3/libopencm3-master//lib/libopencm3_stm32f0.a(vector.o)

.debug_frame    0x0000000000000000      0x240
 .debug_frame   0x0000000000000000       0x28 miniblink.o
 .debug_frame   0x0000000000000028       0x80 /home/badger/prj/libopencm3/libopencm3-master//lib/libopencm3_stm32f0.a(gpio_common_all.o)
 .debug_frame   0x00000000000000a8       0x70 /home/badger/prj/libopencm3/libopencm3-master//lib/libopencm3_stm32f0.a(gpio_common_f0234.o)
 .debug_frame   0x0000000000000118       0xe0 /home/badger/prj/libopencm3/libopencm3-master//lib/libopencm3_stm32f0.a(rcc_common_all.o)
 .debug_frame   0x00000000000001f8       0x48 /home/badger/prj/libopencm3/libopencm3-master//lib/libopencm3_stm32f0.a(vector.o)

Cross Reference Table

Symbol                                            File
__fini_array_end                                  /home/badger/prj/libopencm3/libopencm3-master//lib/libopencm3_stm32f0.a(vector.o)
__fini_array_start                                /home/badger/prj/libopencm3/libopencm3-master//lib/libopencm3_stm32f0.a(vector.o)
__init_array_end                                  /home/badger/prj/libopencm3/libopencm3-master//lib/libopencm3_stm32f0.a(vector.o)
__init_array_start                                /home/badger/prj/libopencm3/libopencm3-master//lib/libopencm3_stm32f0.a(vector.o)
__preinit_array_end                               /home/badger/prj/libopencm3/libopencm3-master//lib/libopencm3_stm32f0.a(vector.o)
__preinit_array_start                             /home/badger/prj/libopencm3/libopencm3-master//lib/libopencm3_stm32f0.a(vector.o)
_data                                             /home/badger/prj/libopencm3/libopencm3-master//lib/libopencm3_stm32f0.a(vector.o)
_data_loadaddr                                    /home/badger/prj/libopencm3/libopencm3-master//lib/libopencm3_stm32f0.a(vector.o)
_ebss                                             /home/badger/prj/libopencm3/libopencm3-master//lib/libopencm3_stm32f0.a(vector.o)
_edata                                            /home/badger/prj/libopencm3/libopencm3-master//lib/libopencm3_stm32f0.a(vector.o)
_stack                                            /home/badger/prj/libopencm3/libopencm3-master//lib/libopencm3_stm32f0.a(vector.o)
adc_comp_isr                                      /home/badger/prj/libopencm3/libopencm3-master//lib/libopencm3_stm32f0.a(vector.o)
blocking_handler                                  /home/badger/prj/libopencm3/libopencm3-master//lib/libopencm3_stm32f0.a(vector.o)
cec_can_isr                                       /home/badger/prj/libopencm3/libopencm3-master//lib/libopencm3_stm32f0.a(vector.o)
dma1_channel1_isr                                 /home/badger/prj/libopencm3/libopencm3-master//lib/libopencm3_stm32f0.a(vector.o)
dma1_channel2_3_isr                               /home/badger/prj/libopencm3/libopencm3-master//lib/libopencm3_stm32f0.a(vector.o)
dma1_channel4_5_isr                               /home/badger/prj/libopencm3/libopencm3-master//lib/libopencm3_stm32f0.a(vector.o)
exti0_1_isr                                       /home/badger/prj/libopencm3/libopencm3-master//lib/libopencm3_stm32f0.a(vector.o)
exti2_3_isr                                       /home/badger/prj/libopencm3/libopencm3-master//lib/libopencm3_stm32f0.a(vector.o)
exti4_15_isr                                      /home/badger/prj/libopencm3/libopencm3-master//lib/libopencm3_stm32f0.a(vector.o)
flash_isr                                         /home/badger/prj/libopencm3/libopencm3-master//lib/libopencm3_stm32f0.a(vector.o)
gpio_clear                                        /home/badger/prj/libopencm3/libopencm3-master//lib/libopencm3_stm32f0.a(gpio_common_all.o)
gpio_get                                          /home/badger/prj/libopencm3/libopencm3-master//lib/libopencm3_stm32f0.a(gpio_common_all.o)
gpio_mode_setup                                   /home/badger/prj/libopencm3/libopencm3-master//lib/libopencm3_stm32f0.a(gpio_common_f0234.o)
                                                  miniblink.o
gpio_port_config_lock                             /home/badger/prj/libopencm3/libopencm3-master//lib/libopencm3_stm32f0.a(gpio_common_all.o)
gpio_port_read                                    /home/badger/prj/libopencm3/libopencm3-master//lib/libopencm3_stm32f0.a(gpio_common_all.o)
gpio_port_write                                   /home/badger/prj/libopencm3/libopencm3-master//lib/libopencm3_stm32f0.a(gpio_common_all.o)
gpio_set                                          /home/badger/prj/libopencm3/libopencm3-master//lib/libopencm3_stm32f0.a(gpio_common_all.o)
gpio_set_af                                       /home/badger/prj/libopencm3/libopencm3-master//lib/libopencm3_stm32f0.a(gpio_common_f0234.o)
gpio_set_output_options                           /home/badger/prj/libopencm3/libopencm3-master//lib/libopencm3_stm32f0.a(gpio_common_f0234.o)
gpio_toggle                                       /home/badger/prj/libopencm3/libopencm3-master//lib/libopencm3_stm32f0.a(gpio_common_all.o)
                                                  miniblink.o
hard_fault_handler                                /home/badger/prj/libopencm3/libopencm3-master//lib/libopencm3_stm32f0.a(vector.o)
i2c1_isr                                          /home/badger/prj/libopencm3/libopencm3-master//lib/libopencm3_stm32f0.a(vector.o)
i2c2_isr                                          /home/badger/prj/libopencm3/libopencm3-master//lib/libopencm3_stm32f0.a(vector.o)
main                                              miniblink.o
                                                  /home/badger/prj/libopencm3/libopencm3-master//lib/libopencm3_stm32f0.a(vector.o)
nmi_handler                                       /home/badger/prj/libopencm3/libopencm3-master//lib/libopencm3_stm32f0.a(vector.o)
null_handler                                      /home/badger/prj/libopencm3/libopencm3-master//lib/libopencm3_stm32f0.a(vector.o)
pend_sv_handler                                   /home/badger/prj/libopencm3/libopencm3-master//lib/libopencm3_stm32f0.a(vector.o)
pvd_isr                                           /home/badger/prj/libopencm3/libopencm3-master//lib/libopencm3_stm32f0.a(vector.o)
rcc_isr                                           /home/badger/prj/libopencm3/libopencm3-master//lib/libopencm3_stm32f0.a(vector.o)
rcc_osc_bypass_disable                            /home/badger/prj/libopencm3/libopencm3-master//lib/libopencm3_stm32f0.a(rcc_common_all.o)
rcc_osc_bypass_enable                             /home/badger/prj/libopencm3/libopencm3-master//lib/libopencm3_stm32f0.a(rcc_common_all.o)
rcc_periph_clock_disable                          /home/badger/prj/libopencm3/libopencm3-master//lib/libopencm3_stm32f0.a(rcc_common_all.o)
rcc_periph_clock_enable                           /home/badger/prj/libopencm3/libopencm3-master//lib/libopencm3_stm32f0.a(rcc_common_all.o)
                                                  miniblink.o
rcc_periph_reset_hold                             /home/badger/prj/libopencm3/libopencm3-master//lib/libopencm3_stm32f0.a(rcc_common_all.o)
rcc_periph_reset_pulse                            /home/badger/prj/libopencm3/libopencm3-master//lib/libopencm3_stm32f0.a(rcc_common_all.o)
rcc_periph_reset_release                          /home/badger/prj/libopencm3/libopencm3-master//lib/libopencm3_stm32f0.a(rcc_common_all.o)
rcc_peripheral_clear_reset                        /home/badger/prj/libopencm3/libopencm3-master//lib/libopencm3_stm32f0.a(rcc_common_all.o)
rcc_peripheral_disable_clock                      /home/badger/prj/libopencm3/libopencm3-master//lib/libopencm3_stm32f0.a(rcc_common_all.o)
rcc_peripheral_enable_clock                       /home/badger/prj/libopencm3/libopencm3-master//lib/libopencm3_stm32f0.a(rcc_common_all.o)
rcc_peripheral_reset                              /home/badger/prj/libopencm3/libopencm3-master//lib/libopencm3_stm32f0.a(rcc_common_all.o)
rcc_set_mco                                       /home/badger/prj/libopencm3/libopencm3-master//lib/libopencm3_stm32f0.a(rcc_common_all.o)
reset_handler                                     /home/badger/prj/libopencm3/libopencm3-master//lib/libopencm3_stm32f0.a(vector.o)
rtc_isr                                           /home/badger/prj/libopencm3/libopencm3-master//lib/libopencm3_stm32f0.a(vector.o)
spi1_isr                                          /home/badger/prj/libopencm3/libopencm3-master//lib/libopencm3_stm32f0.a(vector.o)
spi2_isr                                          /home/badger/prj/libopencm3/libopencm3-master//lib/libopencm3_stm32f0.a(vector.o)
sv_call_handler                                   /home/badger/prj/libopencm3/libopencm3-master//lib/libopencm3_stm32f0.a(vector.o)
sys_tick_handler                                  /home/badger/prj/libopencm3/libopencm3-master//lib/libopencm3_stm32f0.a(vector.o)
tim14_isr                                         /home/badger/prj/libopencm3/libopencm3-master//lib/libopencm3_stm32f0.a(vector.o)
tim15_isr                                         /home/badger/prj/libopencm3/libopencm3-master//lib/libopencm3_stm32f0.a(vector.o)
tim16_isr                                         /home/badger/prj/libopencm3/libopencm3-master//lib/libopencm3_stm32f0.a(vector.o)
tim17_isr                                         /home/badger/prj/libopencm3/libopencm3-master//lib/libopencm3_stm32f0.a(vector.o)
tim1_brk_up_trg_com_isr                           /home/badger/prj/libopencm3/libopencm3-master//lib/libopencm3_stm32f0.a(vector.o)
tim1_cc_isr                                       /home/badger/prj/libopencm3/libopencm3-master//lib/libopencm3_stm32f0.a(vector.o)
tim2_isr                                          /home/badger/prj/libopencm3/libopencm3-master//lib/libopencm3_stm32f0.a(vector.o)
tim3_isr                                          /home/badger/prj/libopencm3/libopencm3-master//lib/libopencm3_stm32f0.a(vector.o)
tim6_dac_isr                                      /home/badger/prj/libopencm3/libopencm3-master//lib/libopencm3_stm32f0.a(vector.o)
tim7_isr                                          /home/badger/prj/libopencm3/libopencm3-master//lib/libopencm3_stm32f0.a(vector.o)
tsc_isr                                           /home/badger/prj/libopencm3/libopencm3-master//lib/libopencm3_stm32f0.a(vector.o)
usart1_isr                                        /home/badger/prj/libopencm3/libopencm3-master//lib/libopencm3_stm32f0.a(vector.o)
usart2_isr                                        /home/badger/prj/libopencm3/libopencm3-master//lib/libopencm3_stm32f0.a(vector.o)
usart3_4_isr                                      /home/badger/prj/libopencm3/libopencm3-master//lib/libopencm3_stm32f0.a(vector.o)
usb_isr                                           /home/badger/prj/libopencm3/libopencm3-master//lib/libopencm3_stm32f0.a(vector.o)
vector_table                                      /home/badger/prj/libopencm3/libopencm3-master//lib/libopencm3_stm32f0.a(vector.o)
wwdg_isr                                          /home/badger/prj/libopencm3/libopencm3-master//lib/libopencm3_stm32f0.a(vector.o)
