Archive member included to satisfy reference by file (symbol)

/home/badger/prj/libopencm3/libopencm3-master//lib/libopencm3_stm32f0.a(rcc.o)
                              main.o (rcc_clock_setup_in_hsi_out_48mhz)
/home/badger/prj/libopencm3/libopencm3-master//lib/libopencm3_stm32f0.a(gpio_common_all.o)
                              disp.o (gpio_set)
/home/badger/prj/libopencm3/libopencm3-master//lib/libopencm3_stm32f0.a(gpio_common_f0234.o)
                              disp.o (gpio_mode_setup)
/home/badger/prj/libopencm3/libopencm3-master//lib/libopencm3_stm32f0.a(timer_common_all.o)
                              disp.o (timer_enable_irq)
/home/badger/prj/libopencm3/libopencm3-master//lib/libopencm3_stm32f0.a(rcc_common_all.o)
                              disp.o (rcc_periph_clock_enable)
/home/badger/prj/libopencm3/libopencm3-master//lib/libopencm3_stm32f0.a(flash_common_all.o)
                              /home/badger/prj/libopencm3/libopencm3-master//lib/libopencm3_stm32f0.a(rcc.o) (flash_prefetch_enable)
/home/badger/prj/libopencm3/libopencm3-master//lib/libopencm3_stm32f0.a(usart_common_all.o)
                              usart_buffered.o (usart_set_baudrate)
/home/badger/prj/libopencm3/libopencm3-master//lib/libopencm3_stm32f0.a(usart_common_v2.o)
                              usart_buffered.o (usart_send)
/home/badger/prj/libopencm3/libopencm3-master//lib/libopencm3_stm32f0.a(spi_common_all.o)
                              disp_spi.o (spi_enable)
/home/badger/prj/libopencm3/libopencm3-master//lib/libopencm3_stm32f0.a(spi_common_v2.o)
                              disp_spi.o (spi_init_master)
/home/badger/prj/libopencm3/libopencm3-master//lib/libopencm3_stm32f0.a(vector.o)
                              (reset_handler)
/home/badger/prj/libopencm3/libopencm3-master//lib/libopencm3_stm32f0.a(systick.o)
                              ticker.o (systick_set_reload)
/home/badger/prj/libopencm3/libopencm3-master//lib/libopencm3_stm32f0.a(nvic.o)
                              disp.o (nvic_enable_irq)
/home/badger/prj/libopencm3/libopencm3-master//lib/libopencm3_stm32f0.a(assert.o)
                              /home/badger/prj/libopencm3/libopencm3-master//lib/libopencm3_stm32f0.a(rcc.o) (cm3_assert_failed)
/usr/lib/gcc/arm-none-eabi/4.9.3/armv6-m/libgcc.a(_thumb1_case_sqi.o)
                              /home/badger/prj/libopencm3/libopencm3-master//lib/libopencm3_stm32f0.a(timer_common_all.o) (__gnu_thumb1_case_sqi)
/usr/lib/gcc/arm-none-eabi/4.9.3/armv6-m/libgcc.a(_thumb1_case_uqi.o)
                              disp.o (__gnu_thumb1_case_uqi)
/usr/lib/gcc/arm-none-eabi/4.9.3/armv6-m/libgcc.a(_udivsi3.o)
                              ticker.o (__aeabi_uidiv)
/usr/lib/gcc/arm-none-eabi/4.9.3/armv6-m/libgcc.a(_dvmd_tls.o)
                              /usr/lib/gcc/arm-none-eabi/4.9.3/armv6-m/libgcc.a(_udivsi3.o) (__aeabi_idiv0)

Discarded input sections

 .group         0x0000000000000000        0x8 disp.o
 .group         0x0000000000000000        0x8 disp.o
 .group         0x0000000000000000        0x8 disp.o
 .group         0x0000000000000000        0x8 disp.o
 .group         0x0000000000000000        0x8 disp.o
 .group         0x0000000000000000        0x8 disp.o
 .group         0x0000000000000000        0x8 disp.o
 .group         0x0000000000000000        0x8 disp.o
 .group         0x0000000000000000        0x8 disp.o
 .group         0x0000000000000000        0x8 disp.o
 .group         0x0000000000000000        0x8 disp.o
 .group         0x0000000000000000        0x8 disp.o
 .group         0x0000000000000000        0x8 disp.o
 .group         0x0000000000000000        0x8 disp.o
 .group         0x0000000000000000        0x8 disp.o
 .group         0x0000000000000000        0x8 disp.o
 .group         0x0000000000000000        0x8 disp.o
 .group         0x0000000000000000        0x8 disp.o
 .group         0x0000000000000000        0x8 disp.o
 .group         0x0000000000000000        0x8 disp.o
 .text          0x0000000000000000        0x0 disp.o
 .data          0x0000000000000000        0x0 disp.o
 .bss           0x0000000000000000        0x0 disp.o
 .text.sink_buff_enable
                0x0000000000000000        0x2 disp.o
 .text.sink_buff_disable
                0x0000000000000000        0x2 disp.o
 .group         0x0000000000000000        0x8 disp_spi.o
 .group         0x0000000000000000        0x8 disp_spi.o
 .group         0x0000000000000000        0x8 disp_spi.o
 .group         0x0000000000000000        0x8 disp_spi.o
 .group         0x0000000000000000        0x8 disp_spi.o
 .group         0x0000000000000000        0x8 disp_spi.o
 .group         0x0000000000000000        0x8 disp_spi.o
 .group         0x0000000000000000        0x8 disp_spi.o
 .group         0x0000000000000000        0x8 disp_spi.o
 .group         0x0000000000000000        0x8 disp_spi.o
 .group         0x0000000000000000        0x8 disp_spi.o
 .group         0x0000000000000000        0x8 disp_spi.o
[...]
Memory Configuration

Name             Origin             Length             Attributes
rom              0x0000000008000000 0x0000000000020000 xr
ram              0x0000000020000000 0x0000000000004000 xrw
*default*        0x0000000000000000 0xffffffffffffffff

Linker script and memory map

LOAD disp.o
LOAD disp_spi.o
LOAD ticker.o
LOAD rand.o
LOAD dots.o
LOAD usart_buffered.o
LOAD main.o
LOAD /home/badger/prj/libopencm3/libopencm3-master//lib/libopencm3_stm32f0.a
START GROUP
LOAD /usr/lib/gcc/arm-none-eabi/4.9.3/../../../arm-none-eabi/lib/armv6-m/libc.a
LOAD /usr/lib/gcc/arm-none-eabi/4.9.3/armv6-m/libgcc.a
LOAD /usr/lib/gcc/arm-none-eabi/4.9.3/../../../arm-none-eabi/lib/armv6-m/libnosys.a
END GROUP
START GROUP
LOAD /usr/lib/gcc/arm-none-eabi/4.9.3/armv6-m/libgcc.a
LOAD /usr/lib/gcc/arm-none-eabi/4.9.3/../../../arm-none-eabi/lib/armv6-m/libg.a
LOAD /usr/lib/gcc/arm-none-eabi/4.9.3/../../../arm-none-eabi/lib/armv6-m/libc.a
END GROUP

.text           0x0000000008000000     0x1348
 *(.vectors)
 .vectors       0x0000000008000000       0xc0 /home/badger/prj/libopencm3/libopencm3-master//lib/libopencm3_stm32f0.a(vector.o)
                0x0000000008000000                vector_table
 *(.text*)
 .text.row_on   0x00000000080000c0       0x5c disp.o
                0x00000000080000c0                row_on
 .text.row_off  0x000000000800011c       0x5c disp.o
                0x000000000800011c                row_off
 .text.tim17_isr
                0x0000000008000178       0x88 disp.o
                0x0000000008000178                tim17_isr
 .text.disp_clean
                0x0000000008000200       0x20 disp.o
                0x0000000008000200                disp_clean
 .text.disp_init
                0x0000000008000220       0xe8 disp.o
                0x0000000008000220                disp_init
 .text.disp_set
                0x0000000008000308       0x10 disp.o
                0x0000000008000308                disp_set
 .text.show     0x0000000008000318       0x20 disp_spi.o
 .text.disp_spi_col_set
                0x0000000008000338       0x28 disp_spi.o
                0x0000000008000338                disp_spi_col_set
 .text.disp_spi_init
                0x0000000008000360       0x80 disp_spi.o
                0x0000000008000360                disp_spi_init
 .text.sys_tick_handler
                0x00000000080003e0       0x14 ticker.o
                0x00000000080003e0                sys_tick_handler
 .text.ticker_msleep
                0x00000000080003f4       0x14 ticker.o
                0x00000000080003f4                ticker_msleep
 .text.ticker_init
                0x0000000008000408       0x2c ticker.o
                0x0000000008000408                ticker_init
 .text.rand_init
                0x0000000008000434        0xc rand.o
                0x0000000008000434                rand_init
 .text.rand_get
                0x0000000008000440       0x1c rand.o
                0x0000000008000440                rand_get
 .text.dots_init
                0x000000000800045c       0x14 dots.o
                0x000000000800045c                dots_init
 .text.dots_tick
                0x0000000008000470      0x230 dots.o
                0x0000000008000470                dots_tick
 .text.dots_worker
                0x00000000080006a0        0x2 dots.o
                0x00000000080006a0                dots_worker
 .text.usart_setup
                0x00000000080006a2       0xc6 usart_buffered.o
 .text.usart1_isr
                0x0000000008000768       0xc0 usart_buffered.o
                0x0000000008000768                usart1_isr
 .text.usart2_isr
                0x0000000008000828       0xc0 usart_buffered.o
                0x0000000008000828                usart2_isr
 .text.usart3_4_isr
                0x00000000080008e8      0x168 usart_buffered.o
                0x00000000080008e8                usart3_4_isr
 .text.send_char
                0x0000000008000a50       0x8c usart_buffered.o
                0x0000000008000a50                send_char
 .text.get_char
                0x0000000008000adc       0x44 usart_buffered.o
                0x0000000008000adc                get_char
 .text.usart_init
                0x0000000008000b20       0xcc usart_buffered.o
                0x0000000008000b20                usart_init
 .text.led_init
                0x0000000008000bec       0x28 main.o
                0x0000000008000bec                led_init
 .text.startup.main
                0x0000000008000c14       0xd0 main.o
                0x0000000008000c14                main
 .text.rcc_is_osc_ready
                0x0000000008000ce4       0x54 /home/badger/prj/libopencm3/libopencm3-master//lib/libopencm3_stm32f0.a(rcc.o)
                0x0000000008000ce4                rcc_is_osc_ready
 .text.rcc_wait_for_osc_ready
                0x0000000008000d38       0x10 /home/badger/prj/libopencm3/libopencm3-master//lib/libopencm3_stm32f0.a(rcc.o)
                0x0000000008000d38                rcc_wait_for_osc_ready
 .text.rcc_osc_on
                0x0000000008000d48       0x54 /home/badger/prj/libopencm3/libopencm3-master//lib/libopencm3_stm32f0.a(rcc.o)
                0x0000000008000d48                rcc_osc_on
 .text.rcc_set_sysclk_source
                0x0000000008000d9c       0x44 /home/badger/prj/libopencm3/libopencm3-master//lib/libopencm3_stm32f0.a(rcc.o)
                0x0000000008000d9c                rcc_set_sysclk_source
 .text.rcc_set_pll_multiplication_factor
                0x0000000008000de0       0x18 /home/badger/prj/libopencm3/libopencm3-master//lib/libopencm3_stm32f0.a(rcc.o)
                0x0000000008000de0                rcc_set_pll_multiplication_factor
 .text.rcc_set_pll_source
                0x0000000008000df8       0x18 /home/badger/prj/libopencm3/libopencm3-master//lib/libopencm3_stm32f0.a(rcc.o)
                0x0000000008000df8                rcc_set_pll_source
 .text.rcc_set_ppre
                0x0000000008000e10       0x18 /home/badger/prj/libopencm3/libopencm3-master//lib/libopencm3_stm32f0.a(rcc.o)
                0x0000000008000e10                rcc_set_ppre
 .text.rcc_set_hpre
                0x0000000008000e28       0x14 /home/badger/prj/libopencm3/libopencm3-master//lib/libopencm3_stm32f0.a(rcc.o)
                0x0000000008000e28                rcc_set_hpre
 .text.rcc_clock_setup_in_hsi_out_48mhz
                0x0000000008000e3c       0x64 /home/badger/prj/libopencm3/libopencm3-master//lib/libopencm3_stm32f0.a(rcc.o)
                0x0000000008000e3c                rcc_clock_setup_in_hsi_out_48mhz
 .text.gpio_set
                0x0000000008000ea0        0x4 /home/badger/prj/libopencm3/libopencm3-master//lib/libopencm3_stm32f0.a(gpio_common_all.o)
                0x0000000008000ea0                gpio_set
 .text.gpio_clear
                0x0000000008000ea4        0x6 /home/badger/prj/libopencm3/libopencm3-master//lib/libopencm3_stm32f0.a(gpio_common_all.o)
                0x0000000008000ea4                gpio_clear
 .text.gpio_toggle
                0x0000000008000eaa       0x10 /home/badger/prj/libopencm3/libopencm3-master//lib/libopencm3_stm32f0.a(gpio_common_all.o)
                0x0000000008000eaa                gpio_toggle
 .text.gpio_mode_setup
                0x0000000008000eba       0x3c /home/badger/prj/libopencm3/libopencm3-master//lib/libopencm3_stm32f0.a(gpio_common_f0234.o)
                0x0000000008000eba                gpio_mode_setup
 .text.gpio_set_af
                0x0000000008000ef6       0x4e /home/badger/prj/libopencm3/libopencm3-master//lib/libopencm3_stm32f0.a(gpio_common_f0234.o)
                0x0000000008000ef6                gpio_set_af
 .text.timer_enable_irq
                0x0000000008000f44        0x8 /home/badger/prj/libopencm3/libopencm3-master//lib/libopencm3_stm32f0.a(timer_common_all.o)
                0x0000000008000f44                timer_enable_irq
 .text.timer_get_flag
                0x0000000008000f4c        0xe /home/badger/prj/libopencm3/libopencm3-master//lib/libopencm3_stm32f0.a(timer_common_all.o)
                0x0000000008000f4c                timer_get_flag
 .text.timer_clear_flag
                0x0000000008000f5a        0x6 /home/badger/prj/libopencm3/libopencm3-master//lib/libopencm3_stm32f0.a(timer_common_all.o)
                0x0000000008000f5a                timer_clear_flag
 .text.timer_set_mode
                0x0000000008000f60       0x18 /home/badger/prj/libopencm3/libopencm3-master//lib/libopencm3_stm32f0.a(timer_common_all.o)
                0x0000000008000f60                timer_set_mode
 .text.timer_disable_preload
                0x0000000008000f78        0xa /home/badger/prj/libopencm3/libopencm3-master//lib/libopencm3_stm32f0.a(timer_common_all.o)
                0x0000000008000f78                timer_disable_preload
 .text.timer_continuous_mode
                0x0000000008000f82        0xa /home/badger/prj/libopencm3/libopencm3-master//lib/libopencm3_stm32f0.a(timer_common_all.o)
                0x0000000008000f82                timer_continuous_mode
 .text.timer_enable_counter
                0x0000000008000f8c        0xa /home/badger/prj/libopencm3/libopencm3-master//lib/libopencm3_stm32f0.a(timer_common_all.o)
                0x0000000008000f8c                timer_enable_counter
 .text.timer_set_prescaler
                0x0000000008000f96        0x4 /home/badger/prj/libopencm3/libopencm3-master//lib/libopencm3_stm32f0.a(timer_common_all.o)
                0x0000000008000f96                timer_set_prescaler
 .text.timer_set_period
                0x0000000008000f9a        0x4 /home/badger/prj/libopencm3/libopencm3-master//lib/libopencm3_stm32f0.a(timer_common_all.o)
                0x0000000008000f9a                timer_set_period
 *fill*         0x0000000008000f9e        0x2 
 .text.rcc_periph_clock_enable
                0x0000000008000fa0       0x20 /home/badger/prj/libopencm3/libopencm3-master//lib/libopencm3_stm32f0.a(rcc_common_all.o)
                0x0000000008000fa0                rcc_periph_clock_enable
 .text.rcc_periph_reset_pulse
                0x0000000008000fc0       0x24 /home/badger/prj/libopencm3/libopencm3-master//lib/libopencm3_stm32f0.a(rcc_common_all.o)
                0x0000000008000fc0                rcc_periph_reset_pulse
 .text.flash_prefetch_enable
                0x0000000008000fe4       0x10 /home/badger/prj/libopencm3/libopencm3-master//lib/libopencm3_stm32f0.a(flash_common_all.o)
                0x0000000008000fe4                flash_prefetch_enable
 .text.flash_set_ws
                0x0000000008000ff4       0x14 /home/badger/prj/libopencm3/libopencm3-master//lib/libopencm3_stm32f0.a(flash_common_all.o)
                0x0000000008000ff4                flash_set_ws
 .text.usart_set_baudrate
                0x0000000008001008       0x18 /home/badger/prj/libopencm3/libopencm3-master//lib/libopencm3_stm32f0.a(usart_common_all.o)
                0x0000000008001008                usart_set_baudrate
 .text.usart_set_databits
                0x0000000008001020       0x1c /home/badger/prj/libopencm3/libopencm3-master//lib/libopencm3_stm32f0.a(usart_common_all.o)
                0x0000000008001020                usart_set_databits
 .text.usart_set_stopbits
                0x000000000800103c       0x10 /home/badger/prj/libopencm3/libopencm3-master//lib/libopencm3_stm32f0.a(usart_common_all.o)
                0x000000000800103c                usart_set_stopbits
 .text.usart_set_parity
                0x000000000800104c       0x10 /home/badger/prj/libopencm3/libopencm3-master//lib/libopencm3_stm32f0.a(usart_common_all.o)
                0x000000000800104c                usart_set_parity
 .text.usart_set_mode
                0x000000000800105c        0xc /home/badger/prj/libopencm3/libopencm3-master//lib/libopencm3_stm32f0.a(usart_common_all.o)
                0x000000000800105c                usart_set_mode
 .text.usart_set_flow_control
                0x0000000008001068       0x10 /home/badger/prj/libopencm3/libopencm3-master//lib/libopencm3_stm32f0.a(usart_common_all.o)
                0x0000000008001068                usart_set_flow_control
 .text.usart_enable
                0x0000000008001078        0xa /home/badger/prj/libopencm3/libopencm3-master//lib/libopencm3_stm32f0.a(usart_common_all.o)
                0x0000000008001078                usart_enable
 .text.usart_send_blocking
                0x0000000008001082       0x14 /home/badger/prj/libopencm3/libopencm3-master//lib/libopencm3_stm32f0.a(usart_common_all.o)
                0x0000000008001082                usart_send_blocking
 .text.usart_send
                0x0000000008001096        0x8 /home/badger/prj/libopencm3/libopencm3-master//lib/libopencm3_stm32f0.a(usart_common_v2.o)
                0x0000000008001096                usart_send
 .text.usart_recv
                0x000000000800109e        0x8 /home/badger/prj/libopencm3/libopencm3-master//lib/libopencm3_stm32f0.a(usart_common_v2.o)
                0x000000000800109e                usart_recv
 .text.usart_wait_send_ready
                0x00000000080010a6        0x8 /home/badger/prj/libopencm3/libopencm3-master//lib/libopencm3_stm32f0.a(usart_common_v2.o)
                0x00000000080010a6                usart_wait_send_ready
 .text.spi_enable
                0x00000000080010ae        0xa /home/badger/prj/libopencm3/libopencm3-master//lib/libopencm3_stm32f0.a(spi_common_all.o)
                0x00000000080010ae                spi_enable
 .text.spi_send
                0x00000000080010b8        0xa /home/badger/prj/libopencm3/libopencm3-master//lib/libopencm3_stm32f0.a(spi_common_all.o)
                0x00000000080010b8                spi_send
 .text.spi_enable_ss_output
                0x00000000080010c2        0xa /home/badger/prj/libopencm3/libopencm3-master//lib/libopencm3_stm32f0.a(spi_common_all.o)
                0x00000000080010c2                spi_enable_ss_output
 .text.spi_init_master
                0x00000000080010cc       0x26 /home/badger/prj/libopencm3/libopencm3-master//lib/libopencm3_stm32f0.a(spi_common_v2.o)
                0x00000000080010cc                spi_init_master
 .text.blocking_handler
                0x00000000080010f2        0x2 /home/badger/prj/libopencm3/libopencm3-master//lib/libopencm3_stm32f0.a(vector.o)
                0x00000000080010f2                rtc_isr
                0x00000000080010f2                tim7_isr
                0x00000000080010f2                blocking_handler
                0x00000000080010f2                tsc_isr
                0x00000000080010f2                spi1_isr
                0x00000000080010f2                i2c1_isr
                0x00000000080010f2                i2c2_isr
                0x00000000080010f2                tim1_cc_isr
                0x00000000080010f2                exti2_3_isr
                0x00000000080010f2                tim16_isr
                0x00000000080010f2                pvd_isr
                0x00000000080010f2                rcc_isr
                0x00000000080010f2                flash_isr
                0x00000000080010f2                hard_fault_handler
                0x00000000080010f2                tim14_isr
                0x00000000080010f2                spi2_isr
                0x00000000080010f2                usb_isr
                0x00000000080010f2                tim15_isr
                0x00000000080010f2                tim3_isr
                0x00000000080010f2                adc_comp_isr
                0x00000000080010f2                dma1_channel1_isr
                0x00000000080010f2                tim6_dac_isr
                0x00000000080010f2                tim1_brk_up_trg_com_isr
                0x00000000080010f2                dma1_channel2_3_isr
                0x00000000080010f2                exti4_15_isr
                0x00000000080010f2                cec_can_isr
                0x00000000080010f2                wwdg_isr
                0x00000000080010f2                tim2_isr
                0x00000000080010f2                dma1_channel4_5_isr
                0x00000000080010f2                exti0_1_isr
 .text.null_handler
                0x00000000080010f4        0x2 /home/badger/prj/libopencm3/libopencm3-master//lib/libopencm3_stm32f0.a(vector.o)
                0x00000000080010f4                null_handler
                0x00000000080010f4                sv_call_handler
                0x00000000080010f4                pend_sv_handler
                0x00000000080010f4                nmi_handler
 *fill*         0x00000000080010f6        0x2 
 .text.reset_handler
                0x00000000080010f8       0x90 /home/badger/prj/libopencm3/libopencm3-master//lib/libopencm3_stm32f0.a(vector.o)
                0x00000000080010f8                reset_handler
 .text.systick_set_reload
                0x0000000008001188       0x10 /home/badger/prj/libopencm3/libopencm3-master//lib/libopencm3_stm32f0.a(systick.o)
                0x0000000008001188                systick_set_reload
 .text.systick_interrupt_enable
                0x0000000008001198       0x10 /home/badger/prj/libopencm3/libopencm3-master//lib/libopencm3_stm32f0.a(systick.o)
                0x0000000008001198                systick_interrupt_enable
 .text.systick_counter_enable
                0x00000000080011a8       0x10 /home/badger/prj/libopencm3/libopencm3-master//lib/libopencm3_stm32f0.a(systick.o)
                0x00000000080011a8                systick_counter_enable
 .text.nvic_enable_irq
                0x00000000080011b8       0x18 /home/badger/prj/libopencm3/libopencm3-master//lib/libopencm3_stm32f0.a(nvic.o)
                0x00000000080011b8                nvic_enable_irq
 .text          0x00000000080011d0       0x14 /usr/lib/gcc/arm-none-eabi/4.9.3/armv6-m/libgcc.a(_thumb1_case_uqi.o)
                0x00000000080011d0                __gnu_thumb1_case_uqi
 .text          0x00000000080011e4      0x120 /usr/lib/gcc/arm-none-eabi/4.9.3/armv6-m/libgcc.a(_udivsi3.o)
                0x00000000080011e4                __udivsi3
                0x00000000080011e4                __aeabi_uidiv
                0x00000000080012f0                __aeabi_uidivmod
 .text          0x0000000008001304        0x4 /usr/lib/gcc/arm-none-eabi/4.9.3/armv6-m/libgcc.a(_dvmd_tls.o)
                0x0000000008001304                __aeabi_ldiv0
                0x0000000008001304                __aeabi_idiv0
                0x0000000008001308                . = ALIGN (0x4)
 *(.rodata*)
 .rodata.smileys
                0x0000000008001308       0x40 main.o
                0x0000000008001348                . = ALIGN (0x4)

.glue_7         0x0000000008001348        0x0
 .glue_7        0x0000000008001348        0x0 linker stubs

.glue_7t        0x0000000008001348        0x0
 .glue_7t       0x0000000008001348        0x0 linker stubs

.vfp11_veneer   0x0000000008001348        0x0
 .vfp11_veneer  0x0000000008001348        0x0 linker stubs

.v4_bx          0x0000000008001348        0x0
 .v4_bx         0x0000000008001348        0x0 linker stubs

.iplt           0x0000000008001348        0x0
 .iplt          0x0000000008001348        0x0 disp.o

.rel.dyn        0x0000000008001348        0x0
 .rel.iplt      0x0000000008001348        0x0 disp.o

.preinit_array  0x0000000008001348        0x0
                0x0000000008001348                . = ALIGN (0x4)
                0x0000000008001348                __preinit_array_start = .
 *(.preinit_array)
                0x0000000008001348                __preinit_array_end = .

.init_array     0x0000000008001348        0x0
                0x0000000008001348                . = ALIGN (0x4)
                0x0000000008001348                __init_array_start = .
 *(SORT(.init_array.*))
 *(.init_array)
                0x0000000008001348                __init_array_end = .

.fini_array     0x0000000008001348        0x0
                0x0000000008001348                . = ALIGN (0x4)
                0x0000000008001348                __fini_array_start = .
 *(.fini_array)
 *(SORT(.fini_array.*))
                0x0000000008001348                __fini_array_end = .

.ARM.extab
 *(.ARM.extab*)

.ARM.exidx      0x0000000008001348        0x0
                0x0000000008001348                __exidx_start = .
 *(.ARM.exidx*)
                0x0000000008001348                __exidx_end = .
                0x0000000008001348                . = ALIGN (0x4)
                0x0000000008001348                _etext = .

.data           0x0000000020000000       0x14 load address 0x0000000008001348
                0x0000000020000000                _data = .
 *(.data*)
 .data.bright   0x0000000020000000        0x9 main.o
                0x0000000020000000                bright
 *fill*         0x0000000020000009        0x3 
 .data.rcc_ahb_frequency
                0x000000002000000c        0x4 /home/badger/prj/libopencm3/libopencm3-master//lib/libopencm3_stm32f0.a(rcc.o)
                0x000000002000000c                rcc_ahb_frequency
 .data.rcc_apb1_frequency
                0x0000000020000010        0x4 /home/badger/prj/libopencm3/libopencm3-master//lib/libopencm3_stm32f0.a(rcc.o)
                0x0000000020000010                rcc_apb1_frequency
                0x0000000020000014                . = ALIGN (0x4)
                0x0000000020000014                _edata = .
                0x0000000008001348                _data_loadaddr = LOADADDR (.data)

.igot.plt       0x0000000020000014        0x0 load address 0x000000000800135c
 .igot.plt      0x0000000020000014        0x0 disp.o

.bss            0x0000000020000014      0x148 load address 0x000000000800135c
 *(.bss*)
 .bss.progress.4636
                0x0000000020000014        0x4 disp.o
 .bss.curr_row  0x0000000020000018        0x1 disp.o
 .bss.disp_state
                0x0000000020000019       0x40 disp.o
 *fill*         0x0000000020000059        0x3 
 .bss.cnt       0x000000002000005c        0x4 ticker.o
 .bss.random    0x0000000020000060        0x4 rand.o
 .bss.dots      0x0000000020000064       0x40 dots.o
 .bss.i.4219    0x00000000200000a4        0x4 dots.o
 .bss.dots_num  0x00000000200000a8        0x1 dots.o
 .bss.rx_buf_tail
                0x00000000200000a9        0x4 usart_buffered.o
 .bss.rx_buf_head
                0x00000000200000ad        0x4 usart_buffered.o
 .bss.tx_buf    0x00000000200000b1       0x50 usart_buffered.o
 .bss.tx_buf_head
                0x0000000020000101        0x4 usart_buffered.o
 .bss.tx_buf_tail
                0x0000000020000105        0x4 usart_buffered.o
 .bss.rx_buf    0x0000000020000109       0x50 usart_buffered.o
 *(COMMON)
                0x000000002000015c                . = ALIGN (0x4)
 *fill*         0x0000000020000159        0x3 
                0x000000002000015c                _ebss = .

/DISCARD/
 *(.eh_frame)
                0x000000002000015c                . = ALIGN (0x4)
                0x000000002000015c                end = .
                0x0000000020004000                PROVIDE (_stack, (ORIGIN (ram) + LENGTH (ram)))
OUTPUT(main.elf elf32-littlearm)

.debug_info     0x0000000000000000     0x626f
 .debug_info    0x0000000000000000      0x8f3 disp.o
 .debug_info    0x00000000000008f3      0x4c6 disp_spi.o
 .debug_info    0x0000000000000db9      0x168 ticker.o
 .debug_info    0x0000000000000f21       0xdf rand.o
 .debug_info    0x0000000000001000      0x3eb dots.o
 .debug_info    0x00000000000013eb      0x9b4 usart_buffered.o
 .debug_info    0x0000000000001d9f      0x70f main.o
 .debug_info    0x00000000000024ae      0x7a7 /home/badger/prj/libopencm3/libopencm3-master//lib/libopencm3_stm32f0.a(rcc.o)
 .debug_info    0x0000000000002c55      0x22c /home/badger/prj/libopencm3/libopencm3-master//lib/libopencm3_stm32f0.a(gpio_common_all.o)
 .debug_info    0x0000000000002e81      0x1f3 /home/badger/prj/libopencm3/libopencm3-master//lib/libopencm3_stm32f0.a(gpio_common_f0234.o)
 .debug_info    0x0000000000003074     0x1017 /home/badger/prj/libopencm3/libopencm3-master//lib/libopencm3_stm32f0.a(timer_common_all.o)
 .debug_info    0x000000000000408b      0x505 /home/badger/prj/libopencm3/libopencm3-master//lib/libopencm3_stm32f0.a(rcc_common_all.o)
 .debug_info    0x0000000000004590       0xec /home/badger/prj/libopencm3/libopencm3-master//lib/libopencm3_stm32f0.a(flash_common_all.o)
 .debug_info    0x000000000000467c      0x4cb /home/badger/prj/libopencm3/libopencm3-master//lib/libopencm3_stm32f0.a(usart_common_all.o)
 .debug_info    0x0000000000004b47      0x368 /home/badger/prj/libopencm3/libopencm3-master//lib/libopencm3_stm32f0.a(usart_common_v2.o)
 .debug_info    0x0000000000004eaf      0x8f4 /home/badger/prj/libopencm3/libopencm3-master//lib/libopencm3_stm32f0.a(spi_common_all.o)
 .debug_info    0x00000000000057a3      0x235 /home/badger/prj/libopencm3/libopencm3-master//lib/libopencm3_stm32f0.a(spi_common_v2.o)
 .debug_info    0x00000000000059d8      0x2a7 /home/badger/prj/libopencm3/libopencm3-master//lib/libopencm3_stm32f0.a(vector.o)
 .debug_info    0x0000000000005c7f      0x215 /home/badger/prj/libopencm3/libopencm3-master//lib/libopencm3_stm32f0.a(systick.o)
 .debug_info    0x0000000000005e94      0x1b0 /home/badger/prj/libopencm3/libopencm3-master//lib/libopencm3_stm32f0.a(nvic.o)
 .debug_info    0x0000000000006044       0xb9 /usr/lib/gcc/arm-none-eabi/4.9.3/armv6-m/libgcc.a(_thumb1_case_uqi.o)
 .debug_info    0x00000000000060fd       0xb9 /usr/lib/gcc/arm-none-eabi/4.9.3/armv6-m/libgcc.a(_udivsi3.o)
 .debug_info    0x00000000000061b6       0xb9 /usr/lib/gcc/arm-none-eabi/4.9.3/armv6-m/libgcc.a(_dvmd_tls.o)

.debug_abbrev   0x0000000000000000     0x1905
 .debug_abbrev  0x0000000000000000      0x1f4 disp.o
 .debug_abbrev  0x00000000000001f4      0x15e disp_spi.o
 .debug_abbrev  0x0000000000000352       0xf8 ticker.o
 .debug_abbrev  0x000000000000044a       0x93 rand.o
 .debug_abbrev  0x00000000000004dd      0x1a2 dots.o
 .debug_abbrev  0x000000000000067f      0x1be usart_buffered.o
 .debug_abbrev  0x000000000000083d      0x1e8 main.o
 .debug_abbrev  0x0000000000000a25      0x279 /home/badger/prj/libopencm3/libopencm3-master//lib/libopencm3_stm32f0.a(rcc.o)
 .debug_abbrev  0x0000000000000c9e      0x10e /home/badger/prj/libopencm3/libopencm3-master//lib/libopencm3_stm32f0.a(gpio_common_all.o)
 .debug_abbrev  0x0000000000000dac       0xb7 /home/badger/prj/libopencm3/libopencm3-master//lib/libopencm3_stm32f0.a(gpio_common_f0234.o)
 .debug_abbrev  0x0000000000000e63      0x15d /home/badger/prj/libopencm3/libopencm3-master//lib/libopencm3_stm32f0.a(timer_common_all.o)
 .debug_abbrev  0x0000000000000fc0       0xd0 /home/badger/prj/libopencm3/libopencm3-master//lib/libopencm3_stm32f0.a(rcc_common_all.o)
 .debug_abbrev  0x0000000000001090       0x8a /home/badger/prj/libopencm3/libopencm3-master//lib/libopencm3_stm32f0.a(flash_common_all.o)
 .debug_abbrev  0x000000000000111a      0x142 /home/badger/prj/libopencm3/libopencm3-master//lib/libopencm3_stm32f0.a(usart_common_all.o)
 .debug_abbrev  0x000000000000125c       0xf1 /home/badger/prj/libopencm3/libopencm3-master//lib/libopencm3_stm32f0.a(usart_common_v2.o)
 .debug_abbrev  0x000000000000134d      0x19d /home/badger/prj/libopencm3/libopencm3-master//lib/libopencm3_stm32f0.a(spi_common_all.o)
 .debug_abbrev  0x00000000000014ea       0xd3 /home/badger/prj/libopencm3/libopencm3-master//lib/libopencm3_stm32f0.a(spi_common_v2.o)
 .debug_abbrev  0x00000000000015bd      0x12d /home/badger/prj/libopencm3/libopencm3-master//lib/libopencm3_stm32f0.a(vector.o)
 .debug_abbrev  0x00000000000016ea      0x139 /home/badger/prj/libopencm3/libopencm3-master//lib/libopencm3_stm32f0.a(systick.o)
 .debug_abbrev  0x0000000000001823       0xa6 /home/badger/prj/libopencm3/libopencm3-master//lib/libopencm3_stm32f0.a(nvic.o)
 .debug_abbrev  0x00000000000018c9       0x14 /usr/lib/gcc/arm-none-eabi/4.9.3/armv6-m/libgcc.a(_thumb1_case_uqi.o)
 .debug_abbrev  0x00000000000018dd       0x14 /usr/lib/gcc/arm-none-eabi/4.9.3/armv6-m/libgcc.a(_udivsi3.o)
 .debug_abbrev  0x00000000000018f1       0x14 /usr/lib/gcc/arm-none-eabi/4.9.3/armv6-m/libgcc.a(_dvmd_tls.o)

.debug_loc      0x0000000000000000     0x22ae
 .debug_loc     0x0000000000000000      0x253 disp.o
 .debug_loc     0x0000000000000253       0x21 disp_spi.o
 .debug_loc     0x0000000000000274       0x21 ticker.o
 .debug_loc     0x0000000000000295      0x14b dots.o
 .debug_loc     0x00000000000003e0      0x358 usart_buffered.o
 .debug_loc     0x0000000000000738       0xdf main.o
 .debug_loc     0x0000000000000817      0x235 /home/badger/prj/libopencm3/libopencm3-master//lib/libopencm3_stm32f0.a(rcc.o)
 .debug_loc     0x0000000000000a4c       0x76 /home/badger/prj/libopencm3/libopencm3-master//lib/libopencm3_stm32f0.a(gpio_common_all.o)
 .debug_loc     0x0000000000000ac2      0x17f /home/badger/prj/libopencm3/libopencm3-master//lib/libopencm3_stm32f0.a(gpio_common_f0234.o)
 .debug_loc     0x0000000000000c41      0xdf2 /home/badger/prj/libopencm3/libopencm3-master//lib/libopencm3_stm32f0.a(timer_common_all.o)
 .debug_loc     0x0000000000001a33      0x108 /home/badger/prj/libopencm3/libopencm3-master//lib/libopencm3_stm32f0.a(rcc_common_all.o)
 .debug_loc     0x0000000000001b3b       0x3f /home/badger/prj/libopencm3/libopencm3-master//lib/libopencm3_stm32f0.a(flash_common_all.o)
 .debug_loc     0x0000000000001b7a      0x1e1 /home/badger/prj/libopencm3/libopencm3-master//lib/libopencm3_stm32f0.a(usart_common_all.o)
 .debug_loc     0x0000000000001d5b       0xc3 /home/badger/prj/libopencm3/libopencm3-master//lib/libopencm3_stm32f0.a(usart_common_v2.o)
 .debug_loc     0x0000000000001e1e      0x112 /home/badger/prj/libopencm3/libopencm3-master//lib/libopencm3_stm32f0.a(spi_common_all.o)
 .debug_loc     0x0000000000001f30       0xff /home/badger/prj/libopencm3/libopencm3-master//lib/libopencm3_stm32f0.a(spi_common_v2.o)
 .debug_loc     0x000000000000202f       0xba /home/badger/prj/libopencm3/libopencm3-master//lib/libopencm3_stm32f0.a(vector.o)
 .debug_loc     0x00000000000020e9       0xc5 /home/badger/prj/libopencm3/libopencm3-master//lib/libopencm3_stm32f0.a(systick.o)
 .debug_loc     0x00000000000021ae      0x100 /home/badger/prj/libopencm3/libopencm3-master//lib/libopencm3_stm32f0.a(nvic.o)

.debug_aranges  0x0000000000000000      0xad8
 .debug_aranges
                0x0000000000000000       0x58 disp.o
 .debug_aranges
                0x0000000000000058       0x30 disp_spi.o
 .debug_aranges
                0x0000000000000088       0x30 ticker.o
 .debug_aranges
                0x00000000000000b8       0x38 rand.o
 .debug_aranges
                0x00000000000000f0       0x30 dots.o
 .debug_aranges
                0x0000000000000120       0x50 usart_buffered.o
 .debug_aranges
                0x0000000000000170       0x30 main.o
 .debug_aranges
                0x00000000000001a0      0x110 /home/badger/prj/libopencm3/libopencm3-master//lib/libopencm3_stm32f0.a(rcc.o)
 .debug_aranges
                0x00000000000002b0       0x50 /home/badger/prj/libopencm3/libopencm3-master//lib/libopencm3_stm32f0.a(gpio_common_all.o)
 .debug_aranges
                0x0000000000000300       0x30 /home/badger/prj/libopencm3/libopencm3-master//lib/libopencm3_stm32f0.a(gpio_common_f0234.o)
 .debug_aranges
                0x0000000000000330      0x270 /home/badger/prj/libopencm3/libopencm3-master//lib/libopencm3_stm32f0.a(timer_common_all.o)
 .debug_aranges
                0x00000000000005a0       0x78 /home/badger/prj/libopencm3/libopencm3-master//lib/libopencm3_stm32f0.a(rcc_common_all.o)
 .debug_aranges
                0x0000000000000618       0x38 /home/badger/prj/libopencm3/libopencm3-master//lib/libopencm3_stm32f0.a(flash_common_all.o)
 .debug_aranges
                0x0000000000000650       0xb8 /home/badger/prj/libopencm3/libopencm3-master//lib/libopencm3_stm32f0.a(usart_common_all.o)
 .debug_aranges
                0x0000000000000708       0xa8 /home/badger/prj/libopencm3/libopencm3-master//lib/libopencm3_stm32f0.a(usart_common_v2.o)
 .debug_aranges
                0x00000000000007b0      0x178 /home/badger/prj/libopencm3/libopencm3-master//lib/libopencm3_stm32f0.a(spi_common_all.o)
 .debug_aranges
                0x0000000000000928       0x58 /home/badger/prj/libopencm3/libopencm3-master//lib/libopencm3_stm32f0.a(spi_common_v2.o)
 .debug_aranges
                0x0000000000000980       0x30 /home/badger/prj/libopencm3/libopencm3-master//lib/libopencm3_stm32f0.a(vector.o)
 .debug_aranges
                0x00000000000009b0       0x78 /home/badger/prj/libopencm3/libopencm3-master//lib/libopencm3_stm32f0.a(systick.o)
 .debug_aranges
                0x0000000000000a28       0x50 /home/badger/prj/libopencm3/libopencm3-master//lib/libopencm3_stm32f0.a(nvic.o)
 .debug_aranges
                0x0000000000000a78       0x20 /usr/lib/gcc/arm-none-eabi/4.9.3/armv6-m/libgcc.a(_thumb1_case_uqi.o)
 .debug_aranges
                0x0000000000000a98       0x20 /usr/lib/gcc/arm-none-eabi/4.9.3/armv6-m/libgcc.a(_udivsi3.o)
 .debug_aranges
                0x0000000000000ab8       0x20 /usr/lib/gcc/arm-none-eabi/4.9.3/armv6-m/libgcc.a(_dvmd_tls.o)

.debug_ranges   0x0000000000000000      0xa28
 .debug_ranges  0x0000000000000000       0x80 disp.o
 .debug_ranges  0x0000000000000080       0x68 disp_spi.o
 .debug_ranges  0x00000000000000e8       0x38 ticker.o
 .debug_ranges  0x0000000000000120       0x28 rand.o
 .debug_ranges  0x0000000000000148       0x20 dots.o
 .debug_ranges  0x0000000000000168       0x40 usart_buffered.o
 .debug_ranges  0x00000000000001a8       0x38 main.o
 .debug_ranges  0x00000000000001e0      0x128 /home/badger/prj/libopencm3/libopencm3-master//lib/libopencm3_stm32f0.a(rcc.o)
 .debug_ranges  0x0000000000000308       0x40 /home/badger/prj/libopencm3/libopencm3-master//lib/libopencm3_stm32f0.a(gpio_common_all.o)
 .debug_ranges  0x0000000000000348       0x20 /home/badger/prj/libopencm3/libopencm3-master//lib/libopencm3_stm32f0.a(gpio_common_f0234.o)
 .debug_ranges  0x0000000000000368      0x260 /home/badger/prj/libopencm3/libopencm3-master//lib/libopencm3_stm32f0.a(timer_common_all.o)
 .debug_ranges  0x00000000000005c8       0x68 /home/badger/prj/libopencm3/libopencm3-master//lib/libopencm3_stm32f0.a(rcc_common_all.o)
 .debug_ranges  0x0000000000000630       0x28 /home/badger/prj/libopencm3/libopencm3-master//lib/libopencm3_stm32f0.a(flash_common_all.o)
 .debug_ranges  0x0000000000000658       0xa8 /home/badger/prj/libopencm3/libopencm3-master//lib/libopencm3_stm32f0.a(usart_common_all.o)
 .debug_ranges  0x0000000000000700       0x98 /home/badger/prj/libopencm3/libopencm3-master//lib/libopencm3_stm32f0.a(usart_common_v2.o)
 .debug_ranges  0x0000000000000798      0x168 /home/badger/prj/libopencm3/libopencm3-master//lib/libopencm3_stm32f0.a(spi_common_all.o)
 .debug_ranges  0x0000000000000900       0x48 /home/badger/prj/libopencm3/libopencm3-master//lib/libopencm3_stm32f0.a(spi_common_v2.o)
 .debug_ranges  0x0000000000000948       0x20 /home/badger/prj/libopencm3/libopencm3-master//lib/libopencm3_stm32f0.a(vector.o)
 .debug_ranges  0x0000000000000968       0x80 /home/badger/prj/libopencm3/libopencm3-master//lib/libopencm3_stm32f0.a(systick.o)
 .debug_ranges  0x00000000000009e8       0x40 /home/badger/prj/libopencm3/libopencm3-master//lib/libopencm3_stm32f0.a(nvic.o)

.debug_macro    0x0000000000000000     0x56bf
 .debug_macro   0x0000000000000000      0x14a disp.o
 .debug_macro   0x000000000000014a      0x82c disp.o
 .debug_macro   0x0000000000000976       0x22 disp.o
 .debug_macro   0x0000000000000998       0x44 disp.o
 .debug_macro   0x00000000000009dc       0xe3 disp.o
 .debug_macro   0x0000000000000abf       0x22 disp.o
 .debug_macro   0x0000000000000ae1      0x1df disp.o
 .debug_macro   0x0000000000000cc0       0x22 disp.o
 .debug_macro   0x0000000000000ce2       0xfa disp.o
 .debug_macro   0x0000000000000ddc       0x34 disp.o
 .debug_macro   0x0000000000000e10       0x40 disp.o
 .debug_macro   0x0000000000000e50       0xca disp.o
 .debug_macro   0x0000000000000f1a      0x160 disp.o
 .debug_macro   0x000000000000107a      0x746 disp.o
 .debug_macro   0x00000000000017c0       0x76 disp.o
 .debug_macro   0x0000000000001836      0x2e6 disp.o
 .debug_macro   0x0000000000001b1c      0x14e disp.o
 .debug_macro   0x0000000000001c6a       0x3a disp.o
 .debug_macro   0x0000000000001ca4      0xf6c disp.o
 .debug_macro   0x0000000000002c10       0x52 disp.o
 .debug_macro   0x0000000000002c62      0x1a2 disp.o
 .debug_macro   0x0000000000002e04      0x10a disp_spi.o
 .debug_macro   0x0000000000002f0e      0x15a disp_spi.o
 .debug_macro   0x0000000000003068      0x2eb disp_spi.o
 .debug_macro   0x0000000000003353       0xca disp_spi.o
 .debug_macro   0x000000000000341d       0xe4 ticker.o
 .debug_macro   0x0000000000003501       0x46 ticker.o
 .debug_macro   0x0000000000003547       0x6a ticker.o
 .debug_macro   0x00000000000035b1       0x5e rand.o
 .debug_macro   0x000000000000360f      0x12c dots.o
 .debug_macro   0x000000000000373b       0x94 dots.o
 .debug_macro   0x00000000000037cf      0x514 dots.o
 .debug_macro   0x0000000000003ce3       0x1c dots.o
 .debug_macro   0x0000000000003cff      0x15a dots.o
 .debug_macro   0x0000000000003e59      0x160 usart_buffered.o
 .debug_macro   0x0000000000003fb9      0x1b7 usart_buffered.o
 .debug_macro   0x0000000000004170      0x14c main.o
 .debug_macro   0x00000000000042bc       0xff /home/badger/prj/libopencm3/libopencm3-master//lib/libopencm3_stm32f0.a(rcc.o)
 .debug_macro   0x00000000000043bb       0x16 /home/badger/prj/libopencm3/libopencm3-master//lib/libopencm3_stm32f0.a(rcc.o)
 .debug_macro   0x00000000000043d1       0xee /home/badger/prj/libopencm3/libopencm3-master//lib/libopencm3_stm32f0.a(rcc.o)
 .debug_macro   0x00000000000044bf       0xd0 /home/badger/prj/libopencm3/libopencm3-master//lib/libopencm3_stm32f0.a(rcc.o)
 .debug_macro   0x000000000000458f      0x166 /home/badger/prj/libopencm3/libopencm3-master//lib/libopencm3_stm32f0.a(rcc.o)
 .debug_macro   0x00000000000046f5      0x35f /home/badger/prj/libopencm3/libopencm3-master//lib/libopencm3_stm32f0.a(rcc.o)
 .debug_macro   0x0000000000004a54       0xc8 /home/badger/prj/libopencm3/libopencm3-master//lib/libopencm3_stm32f0.a(gpio_common_all.o)
 .debug_macro   0x0000000000004b1c       0xc8 /home/badger/prj/libopencm3/libopencm3-master//lib/libopencm3_stm32f0.a(gpio_common_f0234.o)
 .debug_macro   0x0000000000004be4       0xcc /home/badger/prj/libopencm3/libopencm3-master//lib/libopencm3_stm32f0.a(timer_common_all.o)
 .debug_macro   0x0000000000004cb0       0xc0 /home/badger/prj/libopencm3/libopencm3-master//lib/libopencm3_stm32f0.a(rcc_common_all.o)
 .debug_macro   0x0000000000004d70       0xb2 /home/badger/prj/libopencm3/libopencm3-master//lib/libopencm3_stm32f0.a(flash_common_all.o)
 .debug_macro   0x0000000000004e22       0xcb /home/badger/prj/libopencm3/libopencm3-master//lib/libopencm3_stm32f0.a(usart_common_all.o)
 .debug_macro   0x0000000000004eed       0xb3 /home/badger/prj/libopencm3/libopencm3-master//lib/libopencm3_stm32f0.a(usart_common_v2.o)
 .debug_macro   0x0000000000004fa0       0xc6 /home/badger/prj/libopencm3/libopencm3-master//lib/libopencm3_stm32f0.a(spi_common_all.o)
 .debug_macro   0x0000000000005066       0xc6 /home/badger/prj/libopencm3/libopencm3-master//lib/libopencm3_stm32f0.a(spi_common_v2.o)
 .debug_macro   0x000000000000512c       0xc1 /home/badger/prj/libopencm3/libopencm3-master//lib/libopencm3_stm32f0.a(vector.o)
 .debug_macro   0x00000000000051ed      0x1b1 /home/badger/prj/libopencm3/libopencm3-master//lib/libopencm3_stm32f0.a(vector.o)
 .debug_macro   0x000000000000539e       0x84 /home/badger/prj/libopencm3/libopencm3-master//lib/libopencm3_stm32f0.a(systick.o)
 .debug_macro   0x0000000000005422       0x64 /home/badger/prj/libopencm3/libopencm3-master//lib/libopencm3_stm32f0.a(systick.o)
 .debug_macro   0x0000000000005486       0xa5 /home/badger/prj/libopencm3/libopencm3-master//lib/libopencm3_stm32f0.a(nvic.o)
 .debug_macro   0x000000000000552b      0x194 /home/badger/prj/libopencm3/libopencm3-master//lib/libopencm3_stm32f0.a(nvic.o)

.debug_line     0x0000000000000000     0x4bef
 .debug_line    0x0000000000000000      0x4ac disp.o
 .debug_line    0x00000000000004ac      0x394 disp_spi.o
 .debug_line    0x0000000000000840      0x366 ticker.o
 .debug_line    0x0000000000000ba6      0x143 rand.o
 .debug_line    0x0000000000000ce9      0x3d5 dots.o
 .debug_line    0x00000000000010be      0x5d8 usart_buffered.o
 .debug_line    0x0000000000001696      0x3eb main.o
 .debug_line    0x0000000000001a81      0x560 /home/badger/prj/libopencm3/libopencm3-master//lib/libopencm3_stm32f0.a(rcc.o)
 .debug_line    0x0000000000001fe1      0x2bb /home/badger/prj/libopencm3/libopencm3-master//lib/libopencm3_stm32f0.a(gpio_common_all.o)
 .debug_line    0x000000000000229c      0x2a8 /home/badger/prj/libopencm3/libopencm3-master//lib/libopencm3_stm32f0.a(gpio_common_f0234.o)
 .debug_line    0x0000000000002544      0x8f5 /home/badger/prj/libopencm3/libopencm3-master//lib/libopencm3_stm32f0.a(timer_common_all.o)
 .debug_line    0x0000000000002e39      0x2f5 /home/badger/prj/libopencm3/libopencm3-master//lib/libopencm3_stm32f0.a(rcc_common_all.o)
 .debug_line    0x000000000000312e      0x27f /home/badger/prj/libopencm3/libopencm3-master//lib/libopencm3_stm32f0.a(flash_common_all.o)
 .debug_line    0x00000000000033ad      0x3e0 /home/badger/prj/libopencm3/libopencm3-master//lib/libopencm3_stm32f0.a(usart_common_all.o)
 .debug_line    0x000000000000378d      0x378 /home/badger/prj/libopencm3/libopencm3-master//lib/libopencm3_stm32f0.a(usart_common_v2.o)
 .debug_line    0x0000000000003b05      0x5c3 /home/badger/prj/libopencm3/libopencm3-master//lib/libopencm3_stm32f0.a(spi_common_all.o)
 .debug_line    0x00000000000040c8      0x2e0 /home/badger/prj/libopencm3/libopencm3-master//lib/libopencm3_stm32f0.a(spi_common_v2.o)
 .debug_line    0x00000000000043a8      0x292 /home/badger/prj/libopencm3/libopencm3-master//lib/libopencm3_stm32f0.a(vector.o)
 .debug_line    0x000000000000463a      0x24b /home/badger/prj/libopencm3/libopencm3-master//lib/libopencm3_stm32f0.a(systick.o)
 .debug_line    0x0000000000004885      0x23a /home/badger/prj/libopencm3/libopencm3-master//lib/libopencm3_stm32f0.a(nvic.o)
 .debug_line    0x0000000000004abf       0x66 /usr/lib/gcc/arm-none-eabi/4.9.3/armv6-m/libgcc.a(_thumb1_case_uqi.o)
 .debug_line    0x0000000000004b25       0x6c /usr/lib/gcc/arm-none-eabi/4.9.3/armv6-m/libgcc.a(_udivsi3.o)
 .debug_line    0x0000000000004b91       0x5e /usr/lib/gcc/arm-none-eabi/4.9.3/armv6-m/libgcc.a(_dvmd_tls.o)

.debug_str      0x0000000000000000    0x14640
 .debug_str     0x0000000000000000     0xc652 disp.o
                                       0xc80d (size before relaxing)
 .debug_str     0x000000000000c652     0x119a disp_spi.o
                                       0x89f8 (size before relaxing)
 .debug_str     0x000000000000d7ec      0x2df ticker.o
                                       0x68bb (size before relaxing)
 .debug_str     0x000000000000dacb       0x3f rand.o
                                       0x2fc4 (size before relaxing)
 .debug_str     0x000000000000db0a     0x1cdb dots.o
                                       0x73a1 (size before relaxing)
 .debug_str     0x000000000000f7e5      0xb08 usart_buffered.o
                                       0xa88f (size before relaxing)
 .debug_str     0x00000000000102ed       0xa3 main.o
                                       0x9a5f (size before relaxing)
 .debug_str     0x0000000000010390     0x1f2b /home/badger/prj/libopencm3/libopencm3-master//lib/libopencm3_stm32f0.a(rcc.o)
                                       0x80dd (size before relaxing)
 .debug_str     0x00000000000122bb       0x6f /home/badger/prj/libopencm3/libopencm3-master//lib/libopencm3_stm32f0.a(gpio_common_all.o)
                                       0x5225 (size before relaxing)
 .debug_str     0x000000000001232a       0x79 /home/badger/prj/libopencm3/libopencm3-master//lib/libopencm3_stm32f0.a(gpio_common_f0234.o)
                                       0x5247 (size before relaxing)
 .debug_str     0x00000000000123a3      0xa19 /home/badger/prj/libopencm3/libopencm3-master//lib/libopencm3_stm32f0.a(timer_common_all.o)
                                       0xaead (size before relaxing)
 .debug_str     0x0000000000012dbc      0x168 /home/badger/prj/libopencm3/libopencm3-master//lib/libopencm3_stm32f0.a(rcc_common_all.o)
                                       0x66b2 (size before relaxing)
 .debug_str     0x0000000000012f24       0x4e /home/badger/prj/libopencm3/libopencm3-master//lib/libopencm3_stm32f0.a(flash_common_all.o)
                                       0x46ea (size before relaxing)
 .debug_str     0x0000000000012f72      0x173 /home/badger/prj/libopencm3/libopencm3-master//lib/libopencm3_stm32f0.a(usart_common_all.o)
                                       0x7f6f (size before relaxing)
 .debug_str     0x00000000000130e5      0x190 /home/badger/prj/libopencm3/libopencm3-master//lib/libopencm3_stm32f0.a(usart_common_v2.o)
                                       0x5a67 (size before relaxing)
 .debug_str     0x0000000000013275      0x3fa /home/badger/prj/libopencm3/libopencm3-master//lib/libopencm3_stm32f0.a(spi_common_all.o)
                                       0x78b9 (size before relaxing)
 .debug_str     0x000000000001366f       0xc4 /home/badger/prj/libopencm3/libopencm3-master//lib/libopencm3_stm32f0.a(spi_common_v2.o)
                                       0x73ca (size before relaxing)
 .debug_str     0x0000000000013733      0x5e8 /home/badger/prj/libopencm3/libopencm3-master//lib/libopencm3_stm32f0.a(vector.o)
                                       0x4719 (size before relaxing)
 .debug_str     0x0000000000013d1b       0xda /home/badger/prj/libopencm3/libopencm3-master//lib/libopencm3_stm32f0.a(systick.o)
                                       0x378d (size before relaxing)
 .debug_str     0x0000000000013df5      0x84b /home/badger/prj/libopencm3/libopencm3-master//lib/libopencm3_stm32f0.a(nvic.o)
                                       0x40cb (size before relaxing)

.comment        0x0000000000000000       0x38
 .comment       0x0000000000000000       0x38 disp.o
                                         0x39 (size before relaxing)
 .comment       0x0000000000000038       0x39 disp_spi.o
 .comment       0x0000000000000038       0x39 ticker.o
 .comment       0x0000000000000038       0x39 rand.o
 .comment       0x0000000000000038       0x39 dots.o
 .comment       0x0000000000000038       0x39 usart_buffered.o
 .comment       0x0000000000000038       0x39 main.o
 .comment       0x0000000000000038       0x39 /home/badger/prj/libopencm3/libopencm3-master//lib/libopencm3_stm32f0.a(rcc.o)
 .comment       0x0000000000000038       0x39 /home/badger/prj/libopencm3/libopencm3-master//lib/libopencm3_stm32f0.a(gpio_common_all.o)
 .comment       0x0000000000000038       0x39 /home/badger/prj/libopencm3/libopencm3-master//lib/libopencm3_stm32f0.a(gpio_common_f0234.o)
 .comment       0x0000000000000038       0x39 /home/badger/prj/libopencm3/libopencm3-master//lib/libopencm3_stm32f0.a(timer_common_all.o)
 .comment       0x0000000000000038       0x39 /home/badger/prj/libopencm3/libopencm3-master//lib/libopencm3_stm32f0.a(rcc_common_all.o)
 .comment       0x0000000000000038       0x39 /home/badger/prj/libopencm3/libopencm3-master//lib/libopencm3_stm32f0.a(flash_common_all.o)
 .comment       0x0000000000000038       0x39 /home/badger/prj/libopencm3/libopencm3-master//lib/libopencm3_stm32f0.a(usart_common_all.o)
 .comment       0x0000000000000038       0x39 /home/badger/prj/libopencm3/libopencm3-master//lib/libopencm3_stm32f0.a(usart_common_v2.o)
 .comment       0x0000000000000038       0x39 /home/badger/prj/libopencm3/libopencm3-master//lib/libopencm3_stm32f0.a(spi_common_all.o)
 .comment       0x0000000000000038       0x39 /home/badger/prj/libopencm3/libopencm3-master//lib/libopencm3_stm32f0.a(spi_common_v2.o)
 .comment       0x0000000000000038       0x39 /home/badger/prj/libopencm3/libopencm3-master//lib/libopencm3_stm32f0.a(vector.o)
 .comment       0x0000000000000038       0x39 /home/badger/prj/libopencm3/libopencm3-master//lib/libopencm3_stm32f0.a(systick.o)
 .comment       0x0000000000000038       0x39 /home/badger/prj/libopencm3/libopencm3-master//lib/libopencm3_stm32f0.a(nvic.o)

.ARM.attributes
                0x0000000000000000       0x31
 .ARM.attributes
                0x0000000000000000       0x31 disp.o
 .ARM.attributes
                0x0000000000000031       0x31 disp_spi.o
 .ARM.attributes
                0x0000000000000062       0x31 ticker.o
 .ARM.attributes
                0x0000000000000093       0x31 rand.o
 .ARM.attributes
                0x00000000000000c4       0x31 dots.o
 .ARM.attributes
                0x00000000000000f5       0x31 usart_buffered.o
 .ARM.attributes
                0x0000000000000126       0x31 main.o
 .ARM.attributes
                0x0000000000000157       0x31 /home/badger/prj/libopencm3/libopencm3-master//lib/libopencm3_stm32f0.a(rcc.o)
 .ARM.attributes
                0x0000000000000188       0x31 /home/badger/prj/libopencm3/libopencm3-master//lib/libopencm3_stm32f0.a(gpio_common_all.o)
 .ARM.attributes
                0x00000000000001b9       0x31 /home/badger/prj/libopencm3/libopencm3-master//lib/libopencm3_stm32f0.a(gpio_common_f0234.o)
 .ARM.attributes
                0x00000000000001ea       0x31 /home/badger/prj/libopencm3/libopencm3-master//lib/libopencm3_stm32f0.a(timer_common_all.o)
 .ARM.attributes
                0x000000000000021b       0x31 /home/badger/prj/libopencm3/libopencm3-master//lib/libopencm3_stm32f0.a(rcc_common_all.o)
 .ARM.attributes
                0x000000000000024c       0x31 /home/badger/prj/libopencm3/libopencm3-master//lib/libopencm3_stm32f0.a(flash_common_all.o)
 .ARM.attributes
                0x000000000000027d       0x31 /home/badger/prj/libopencm3/libopencm3-master//lib/libopencm3_stm32f0.a(usart_common_all.o)
 .ARM.attributes
                0x00000000000002ae       0x31 /home/badger/prj/libopencm3/libopencm3-master//lib/libopencm3_stm32f0.a(usart_common_v2.o)
 .ARM.attributes
                0x00000000000002df       0x31 /home/badger/prj/libopencm3/libopencm3-master//lib/libopencm3_stm32f0.a(spi_common_all.o)
 .ARM.attributes
                0x0000000000000310       0x31 /home/badger/prj/libopencm3/libopencm3-master//lib/libopencm3_stm32f0.a(spi_common_v2.o)
 .ARM.attributes
                0x0000000000000341       0x31 /home/badger/prj/libopencm3/libopencm3-master//lib/libopencm3_stm32f0.a(vector.o)
 .ARM.attributes
                0x0000000000000372       0x31 /home/badger/prj/libopencm3/libopencm3-master//lib/libopencm3_stm32f0.a(systick.o)
 .ARM.attributes
                0x00000000000003a3       0x31 /home/badger/prj/libopencm3/libopencm3-master//lib/libopencm3_stm32f0.a(nvic.o)
 .ARM.attributes
                0x00000000000003d4       0x1e /usr/lib/gcc/arm-none-eabi/4.9.3/armv6-m/libgcc.a(_thumb1_case_uqi.o)
 .ARM.attributes
                0x00000000000003f2       0x1e /usr/lib/gcc/arm-none-eabi/4.9.3/armv6-m/libgcc.a(_udivsi3.o)
 .ARM.attributes
                0x0000000000000410       0x1e /usr/lib/gcc/arm-none-eabi/4.9.3/armv6-m/libgcc.a(_dvmd_tls.o)

.debug_frame    0x0000000000000000     0x1504
 .debug_frame   0x0000000000000000       0xb8 disp.o
 .debug_frame   0x00000000000000b8       0x64 disp_spi.o
 .debug_frame   0x000000000000011c       0x50 ticker.o
 .debug_frame   0x000000000000016c       0x60 rand.o
 .debug_frame   0x00000000000001cc       0x54 dots.o
 .debug_frame   0x0000000000000220       0xcc usart_buffered.o
 .debug_frame   0x00000000000002ec       0x5c main.o
 .debug_frame   0x0000000000000348      0x26c /home/badger/prj/libopencm3/libopencm3-master//lib/libopencm3_stm32f0.a(rcc.o)
 .debug_frame   0x00000000000005b4       0x80 /home/badger/prj/libopencm3/libopencm3-master//lib/libopencm3_stm32f0.a(gpio_common_all.o)
 .debug_frame   0x0000000000000634       0x70 /home/badger/prj/libopencm3/libopencm3-master//lib/libopencm3_stm32f0.a(gpio_common_f0234.o)
 .debug_frame   0x00000000000006a4      0x560 /home/badger/prj/libopencm3/libopencm3-master//lib/libopencm3_stm32f0.a(timer_common_all.o)
 .debug_frame   0x0000000000000c04       0xe0 /home/badger/prj/libopencm3/libopencm3-master//lib/libopencm3_stm32f0.a(rcc_common_all.o)
 .debug_frame   0x0000000000000ce4       0x50 /home/badger/prj/libopencm3/libopencm3-master//lib/libopencm3_stm32f0.a(flash_common_all.o)
 .debug_frame   0x0000000000000d34      0x16c /home/badger/prj/libopencm3/libopencm3-master//lib/libopencm3_stm32f0.a(usart_common_all.o)
 .debug_frame   0x0000000000000ea0      0x130 /home/badger/prj/libopencm3/libopencm3-master//lib/libopencm3_stm32f0.a(usart_common_v2.o)
 .debug_frame   0x0000000000000fd0      0x2d8 /home/badger/prj/libopencm3/libopencm3-master//lib/libopencm3_stm32f0.a(spi_common_all.o)
 .debug_frame   0x00000000000012a8       0x9c /home/badger/prj/libopencm3/libopencm3-master//lib/libopencm3_stm32f0.a(spi_common_v2.o)
 .debug_frame   0x0000000000001344       0x48 /home/badger/prj/libopencm3/libopencm3-master//lib/libopencm3_stm32f0.a(vector.o)
 .debug_frame   0x000000000000138c       0xd8 /home/badger/prj/libopencm3/libopencm3-master//lib/libopencm3_stm32f0.a(systick.o)
 .debug_frame   0x0000000000001464       0x80 /home/badger/prj/libopencm3/libopencm3-master//lib/libopencm3_stm32f0.a(nvic.o)
 .debug_frame   0x00000000000014e4       0x20 /usr/lib/gcc/arm-none-eabi/4.9.3/armv6-m/libgcc.a(_udivsi3.o)

Cross Reference Table

Symbol                                            File
__aeabi_idiv0                                     /usr/lib/gcc/arm-none-eabi/4.9.3/armv6-m/libgcc.a(_dvmd_tls.o)
                                                  /usr/lib/gcc/arm-none-eabi/4.9.3/armv6-m/libgcc.a(_udivsi3.o)
__aeabi_ldiv0                                     /usr/lib/gcc/arm-none-eabi/4.9.3/armv6-m/libgcc.a(_dvmd_tls.o)
__aeabi_uidiv                                     /usr/lib/gcc/arm-none-eabi/4.9.3/armv6-m/libgcc.a(_udivsi3.o)
                                                  /home/badger/prj/libopencm3/libopencm3-master//lib/libopencm3_stm32f0.a(systick.o)
                                                  /home/badger/prj/libopencm3/libopencm3-master//lib/libopencm3_stm32f0.a(usart_common_all.o)
                                                  ticker.o
__aeabi_uidivmod                                  /usr/lib/gcc/arm-none-eabi/4.9.3/armv6-m/libgcc.a(_udivsi3.o)
                                                  rand.o
__fini_array_end                                  /home/badger/prj/libopencm3/libopencm3-master//lib/libopencm3_stm32f0.a(vector.o)
__fini_array_start                                /home/badger/prj/libopencm3/libopencm3-master//lib/libopencm3_stm32f0.a(vector.o)
__gnu_thumb1_case_sqi                             /usr/lib/gcc/arm-none-eabi/4.9.3/armv6-m/libgcc.a(_thumb1_case_sqi.o)
                                                  /home/badger/prj/libopencm3/libopencm3-master//lib/libopencm3_stm32f0.a(timer_common_all.o)
__gnu_thumb1_case_uqi                             /usr/lib/gcc/arm-none-eabi/4.9.3/armv6-m/libgcc.a(_thumb1_case_uqi.o)
                                                  /home/badger/prj/libopencm3/libopencm3-master//lib/libopencm3_stm32f0.a(timer_common_all.o)
                                                  /home/badger/prj/libopencm3/libopencm3-master//lib/libopencm3_stm32f0.a(rcc.o)
                                                  usart_buffered.o
                                                  dots.o
                                                  disp.o
__init_array_end                                  /home/badger/prj/libopencm3/libopencm3-master//lib/libopencm3_stm32f0.a(vector.o)
__init_array_start                                /home/badger/prj/libopencm3/libopencm3-master//lib/libopencm3_stm32f0.a(vector.o)
__preinit_array_end                               /home/badger/prj/libopencm3/libopencm3-master//lib/libopencm3_stm32f0.a(vector.o)
__preinit_array_start                             /home/badger/prj/libopencm3/libopencm3-master//lib/libopencm3_stm32f0.a(vector.o)
__udivsi3                                         /usr/lib/gcc/arm-none-eabi/4.9.3/armv6-m/libgcc.a(_udivsi3.o)
_data                                             /home/badger/prj/libopencm3/libopencm3-master//lib/libopencm3_stm32f0.a(vector.o)
_data_loadaddr                                    /home/badger/prj/libopencm3/libopencm3-master//lib/libopencm3_stm32f0.a(vector.o)
_ebss                                             /home/badger/prj/libopencm3/libopencm3-master//lib/libopencm3_stm32f0.a(vector.o)
_edata                                            /home/badger/prj/libopencm3/libopencm3-master//lib/libopencm3_stm32f0.a(vector.o)
_stack                                            /home/badger/prj/libopencm3/libopencm3-master//lib/libopencm3_stm32f0.a(vector.o)
adc_comp_isr                                      /home/badger/prj/libopencm3/libopencm3-master//lib/libopencm3_stm32f0.a(vector.o)
blocking_handler                                  /home/badger/prj/libopencm3/libopencm3-master//lib/libopencm3_stm32f0.a(vector.o)
bright                                            main.o
cec_can_isr                                       /home/badger/prj/libopencm3/libopencm3-master//lib/libopencm3_stm32f0.a(vector.o)
cm3_assert_failed                                 /home/badger/prj/libopencm3/libopencm3-master//lib/libopencm3_stm32f0.a(assert.o)
                                                  /home/badger/prj/libopencm3/libopencm3-master//lib/libopencm3_stm32f0.a(rcc.o)
cm3_assert_failed_verbose                         /home/badger/prj/libopencm3/libopencm3-master//lib/libopencm3_stm32f0.a(assert.o)
disp_clean                                        disp.o
                                                  main.o
disp_init                                         disp.o
                                                  main.o
disp_set                                          disp.o
                                                  main.o
                                                  dots.o
disp_spi_col_set                                  disp_spi.o
                                                  disp.o
disp_spi_init                                     disp_spi.o
                                                  disp.o
dma1_channel1_isr                                 /home/badger/prj/libopencm3/libopencm3-master//lib/libopencm3_stm32f0.a(vector.o)
dma1_channel2_3_isr                               /home/badger/prj/libopencm3/libopencm3-master//lib/libopencm3_stm32f0.a(vector.o)
dma1_channel4_5_isr                               /home/badger/prj/libopencm3/libopencm3-master//lib/libopencm3_stm32f0.a(vector.o)
dots_init                                         dots.o
                                                  main.o
dots_tick                                         dots.o
                                                  ticker.o
dots_worker                                       dots.o
                                                  main.o
exti0_1_isr                                       /home/badger/prj/libopencm3/libopencm3-master//lib/libopencm3_stm32f0.a(vector.o)
exti2_3_isr                                       /home/badger/prj/libopencm3/libopencm3-master//lib/libopencm3_stm32f0.a(vector.o)
exti4_15_isr                                      /home/badger/prj/libopencm3/libopencm3-master//lib/libopencm3_stm32f0.a(vector.o)
flash_isr                                         /home/badger/prj/libopencm3/libopencm3-master//lib/libopencm3_stm32f0.a(vector.o)
flash_prefetch_disable                            /home/badger/prj/libopencm3/libopencm3-master//lib/libopencm3_stm32f0.a(flash_common_all.o)
flash_prefetch_enable                             /home/badger/prj/libopencm3/libopencm3-master//lib/libopencm3_stm32f0.a(flash_common_all.o)
                                                  /home/badger/prj/libopencm3/libopencm3-master//lib/libopencm3_stm32f0.a(rcc.o)
flash_set_ws                                      /home/badger/prj/libopencm3/libopencm3-master//lib/libopencm3_stm32f0.a(flash_common_all.o)
                                                  /home/badger/prj/libopencm3/libopencm3-master//lib/libopencm3_stm32f0.a(rcc.o)
flash_unlock_option_bytes                         /home/badger/prj/libopencm3/libopencm3-master//lib/libopencm3_stm32f0.a(flash_common_all.o)
get_char                                          usart_buffered.o
                                                  dots.o
gpio_clear                                        /home/badger/prj/libopencm3/libopencm3-master//lib/libopencm3_stm32f0.a(gpio_common_all.o)
                                                  main.o
                                                  disp_spi.o
                                                  disp.o
gpio_get                                          /home/badger/prj/libopencm3/libopencm3-master//lib/libopencm3_stm32f0.a(gpio_common_all.o)
gpio_mode_setup                                   /home/badger/prj/libopencm3/libopencm3-master//lib/libopencm3_stm32f0.a(gpio_common_f0234.o)
                                                  main.o
                                                  usart_buffered.o
                                                  disp_spi.o
                                                  disp.o
gpio_port_config_lock                             /home/badger/prj/libopencm3/libopencm3-master//lib/libopencm3_stm32f0.a(gpio_common_all.o)
gpio_port_read                                    /home/badger/prj/libopencm3/libopencm3-master//lib/libopencm3_stm32f0.a(gpio_common_all.o)
gpio_port_write                                   /home/badger/prj/libopencm3/libopencm3-master//lib/libopencm3_stm32f0.a(gpio_common_all.o)
gpio_set                                          /home/badger/prj/libopencm3/libopencm3-master//lib/libopencm3_stm32f0.a(gpio_common_all.o)
                                                  main.o
                                                  disp_spi.o
                                                  disp.o
gpio_set_af                                       /home/badger/prj/libopencm3/libopencm3-master//lib/libopencm3_stm32f0.a(gpio_common_f0234.o)
                                                  usart_buffered.o
                                                  disp_spi.o
gpio_set_output_options                           /home/badger/prj/libopencm3/libopencm3-master//lib/libopencm3_stm32f0.a(gpio_common_f0234.o)
gpio_toggle                                       /home/badger/prj/libopencm3/libopencm3-master//lib/libopencm3_stm32f0.a(gpio_common_all.o)
                                                  usart_buffered.o
                                                  dots.o
hard_fault_handler                                /home/badger/prj/libopencm3/libopencm3-master//lib/libopencm3_stm32f0.a(vector.o)
i2c1_isr                                          /home/badger/prj/libopencm3/libopencm3-master//lib/libopencm3_stm32f0.a(vector.o)
i2c2_isr                                          /home/badger/prj/libopencm3/libopencm3-master//lib/libopencm3_stm32f0.a(vector.o)
led_init                                          main.o
main                                              main.o
                                                  /home/badger/prj/libopencm3/libopencm3-master//lib/libopencm3_stm32f0.a(vector.o)
nmi_handler                                       /home/badger/prj/libopencm3/libopencm3-master//lib/libopencm3_stm32f0.a(vector.o)
null_handler                                      /home/badger/prj/libopencm3/libopencm3-master//lib/libopencm3_stm32f0.a(vector.o)
nvic_clear_pending_irq                            /home/badger/prj/libopencm3/libopencm3-master//lib/libopencm3_stm32f0.a(nvic.o)
nvic_disable_irq                                  /home/badger/prj/libopencm3/libopencm3-master//lib/libopencm3_stm32f0.a(nvic.o)
nvic_enable_irq                                   /home/badger/prj/libopencm3/libopencm3-master//lib/libopencm3_stm32f0.a(nvic.o)
                                                  usart_buffered.o
                                                  disp.o
nvic_get_irq_enabled                              /home/badger/prj/libopencm3/libopencm3-master//lib/libopencm3_stm32f0.a(nvic.o)
nvic_get_pending_irq                              /home/badger/prj/libopencm3/libopencm3-master//lib/libopencm3_stm32f0.a(nvic.o)
nvic_set_pending_irq                              /home/badger/prj/libopencm3/libopencm3-master//lib/libopencm3_stm32f0.a(nvic.o)
nvic_set_priority                                 /home/badger/prj/libopencm3/libopencm3-master//lib/libopencm3_stm32f0.a(nvic.o)
pend_sv_handler                                   /home/badger/prj/libopencm3/libopencm3-master//lib/libopencm3_stm32f0.a(vector.o)
pvd_isr                                           /home/badger/prj/libopencm3/libopencm3-master//lib/libopencm3_stm32f0.a(vector.o)
rand_get                                          rand.o
                                                  dots.o
rand_init                                         rand.o
                                                  main.o
rand_tick                                         rand.o
rand_worker                                       rand.o
rcc_ahb_frequency                                 /home/badger/prj/libopencm3/libopencm3-master//lib/libopencm3_stm32f0.a(rcc.o)
                                                  ticker.o
rcc_apb1_frequency                                /home/badger/prj/libopencm3/libopencm3-master//lib/libopencm3_stm32f0.a(rcc.o)
                                                  /home/badger/prj/libopencm3/libopencm3-master//lib/libopencm3_stm32f0.a(usart_common_all.o)
rcc_clock_setup_in_hse_8mhz_out_48mhz             /home/badger/prj/libopencm3/libopencm3-master//lib/libopencm3_stm32f0.a(rcc.o)
rcc_clock_setup_in_hsi48_out_48mhz                /home/badger/prj/libopencm3/libopencm3-master//lib/libopencm3_stm32f0.a(rcc.o)
rcc_clock_setup_in_hsi_out_48mhz                  /home/badger/prj/libopencm3/libopencm3-master//lib/libopencm3_stm32f0.a(rcc.o)
                                                  main.o
rcc_css_disable                                   /home/badger/prj/libopencm3/libopencm3-master//lib/libopencm3_stm32f0.a(rcc.o)
rcc_css_enable                                    /home/badger/prj/libopencm3/libopencm3-master//lib/libopencm3_stm32f0.a(rcc.o)
rcc_css_int_clear                                 /home/badger/prj/libopencm3/libopencm3-master//lib/libopencm3_stm32f0.a(rcc.o)
rcc_css_int_flag                                  /home/badger/prj/libopencm3/libopencm3-master//lib/libopencm3_stm32f0.a(rcc.o)
rcc_disable_rtc_clock                             /home/badger/prj/libopencm3/libopencm3-master//lib/libopencm3_stm32f0.a(rcc.o)
rcc_enable_rtc_clock                              /home/badger/prj/libopencm3/libopencm3-master//lib/libopencm3_stm32f0.a(rcc.o)
rcc_get_i2c_clocks                                /home/badger/prj/libopencm3/libopencm3-master//lib/libopencm3_stm32f0.a(rcc.o)
rcc_is_osc_ready                                  /home/badger/prj/libopencm3/libopencm3-master//lib/libopencm3_stm32f0.a(rcc.o)
rcc_isr                                           /home/badger/prj/libopencm3/libopencm3-master//lib/libopencm3_stm32f0.a(vector.o)
rcc_osc_bypass_disable                            /home/badger/prj/libopencm3/libopencm3-master//lib/libopencm3_stm32f0.a(rcc_common_all.o)
rcc_osc_bypass_enable                             /home/badger/prj/libopencm3/libopencm3-master//lib/libopencm3_stm32f0.a(rcc_common_all.o)
rcc_osc_off                                       /home/badger/prj/libopencm3/libopencm3-master//lib/libopencm3_stm32f0.a(rcc.o)
rcc_osc_on                                        /home/badger/prj/libopencm3/libopencm3-master//lib/libopencm3_stm32f0.a(rcc.o)
rcc_osc_ready_int_clear                           /home/badger/prj/libopencm3/libopencm3-master//lib/libopencm3_stm32f0.a(rcc.o)
rcc_osc_ready_int_disable                         /home/badger/prj/libopencm3/libopencm3-master//lib/libopencm3_stm32f0.a(rcc.o)
rcc_osc_ready_int_enable                          /home/badger/prj/libopencm3/libopencm3-master//lib/libopencm3_stm32f0.a(rcc.o)
rcc_osc_ready_int_flag                            /home/badger/prj/libopencm3/libopencm3-master//lib/libopencm3_stm32f0.a(rcc.o)
rcc_periph_clock_disable                          /home/badger/prj/libopencm3/libopencm3-master//lib/libopencm3_stm32f0.a(rcc_common_all.o)
rcc_periph_clock_enable                           /home/badger/prj/libopencm3/libopencm3-master//lib/libopencm3_stm32f0.a(rcc_common_all.o)
                                                  main.o
                                                  usart_buffered.o
                                                  disp_spi.o
                                                  disp.o
rcc_periph_reset_hold                             /home/badger/prj/libopencm3/libopencm3-master//lib/libopencm3_stm32f0.a(rcc_common_all.o)
rcc_periph_reset_pulse                            /home/badger/prj/libopencm3/libopencm3-master//lib/libopencm3_stm32f0.a(rcc_common_all.o)
                                                  /home/badger/prj/libopencm3/libopencm3-master//lib/libopencm3_stm32f0.a(spi_common_all.o)
                                                  disp.o
rcc_periph_reset_release                          /home/badger/prj/libopencm3/libopencm3-master//lib/libopencm3_stm32f0.a(rcc_common_all.o)
rcc_peripheral_clear_reset                        /home/badger/prj/libopencm3/libopencm3-master//lib/libopencm3_stm32f0.a(rcc_common_all.o)
rcc_peripheral_disable_clock                      /home/badger/prj/libopencm3/libopencm3-master//lib/libopencm3_stm32f0.a(rcc_common_all.o)
rcc_peripheral_enable_clock                       /home/badger/prj/libopencm3/libopencm3-master//lib/libopencm3_stm32f0.a(rcc_common_all.o)
rcc_peripheral_reset                              /home/badger/prj/libopencm3/libopencm3-master//lib/libopencm3_stm32f0.a(rcc_common_all.o)
rcc_set_hpre                                      /home/badger/prj/libopencm3/libopencm3-master//lib/libopencm3_stm32f0.a(rcc.o)
rcc_set_i2c_clock_hsi                             /home/badger/prj/libopencm3/libopencm3-master//lib/libopencm3_stm32f0.a(rcc.o)
rcc_set_i2c_clock_sysclk                          /home/badger/prj/libopencm3/libopencm3-master//lib/libopencm3_stm32f0.a(rcc.o)
rcc_set_mco                                       /home/badger/prj/libopencm3/libopencm3-master//lib/libopencm3_stm32f0.a(rcc_common_all.o)
rcc_set_pll_multiplication_factor                 /home/badger/prj/libopencm3/libopencm3-master//lib/libopencm3_stm32f0.a(rcc.o)
rcc_set_pll_source                                /home/badger/prj/libopencm3/libopencm3-master//lib/libopencm3_stm32f0.a(rcc.o)
rcc_set_pllxtpre                                  /home/badger/prj/libopencm3/libopencm3-master//lib/libopencm3_stm32f0.a(rcc.o)
rcc_set_ppre                                      /home/badger/prj/libopencm3/libopencm3-master//lib/libopencm3_stm32f0.a(rcc.o)
rcc_set_prediv                                    /home/badger/prj/libopencm3/libopencm3-master//lib/libopencm3_stm32f0.a(rcc.o)
rcc_set_rtc_clock_source                          /home/badger/prj/libopencm3/libopencm3-master//lib/libopencm3_stm32f0.a(rcc.o)
rcc_set_sysclk_source                             /home/badger/prj/libopencm3/libopencm3-master//lib/libopencm3_stm32f0.a(rcc.o)
rcc_set_usbclk_source                             /home/badger/prj/libopencm3/libopencm3-master//lib/libopencm3_stm32f0.a(rcc.o)
rcc_system_clock_source                           /home/badger/prj/libopencm3/libopencm3-master//lib/libopencm3_stm32f0.a(rcc.o)
rcc_usb_clock_source                              /home/badger/prj/libopencm3/libopencm3-master//lib/libopencm3_stm32f0.a(rcc.o)
rcc_wait_for_osc_ready                            /home/badger/prj/libopencm3/libopencm3-master//lib/libopencm3_stm32f0.a(rcc.o)
reset_handler                                     /home/badger/prj/libopencm3/libopencm3-master//lib/libopencm3_stm32f0.a(vector.o)
row_off                                           disp.o
row_on                                            disp.o
rtc_isr                                           /home/badger/prj/libopencm3/libopencm3-master//lib/libopencm3_stm32f0.a(vector.o)
send_char                                         usart_buffered.o
                                                  main.o
                                                  dots.o
sink_buff_disable                                 disp.o
sink_buff_enable                                  disp.o
spi1_isr                                          /home/badger/prj/libopencm3/libopencm3-master//lib/libopencm3_stm32f0.a(vector.o)
spi2_isr                                          /home/badger/prj/libopencm3/libopencm3-master//lib/libopencm3_stm32f0.a(vector.o)
spi_clean_disable                                 /home/badger/prj/libopencm3/libopencm3-master//lib/libopencm3_stm32f0.a(spi_common_all.o)
spi_disable                                       /home/badger/prj/libopencm3/libopencm3-master//lib/libopencm3_stm32f0.a(spi_common_all.o)
spi_disable_crc                                   /home/badger/prj/libopencm3/libopencm3-master//lib/libopencm3_stm32f0.a(spi_common_all.o)
spi_disable_error_interrupt                       /home/badger/prj/libopencm3/libopencm3-master//lib/libopencm3_stm32f0.a(spi_common_all.o)
spi_disable_rx_buffer_not_empty_interrupt         /home/badger/prj/libopencm3/libopencm3-master//lib/libopencm3_stm32f0.a(spi_common_all.o)
spi_disable_rx_dma                                /home/badger/prj/libopencm3/libopencm3-master//lib/libopencm3_stm32f0.a(spi_common_all.o)
spi_disable_software_slave_management             /home/badger/prj/libopencm3/libopencm3-master//lib/libopencm3_stm32f0.a(spi_common_all.o)
spi_disable_ss_output                             /home/badger/prj/libopencm3/libopencm3-master//lib/libopencm3_stm32f0.a(spi_common_all.o)
spi_disable_tx_buffer_empty_interrupt             /home/badger/prj/libopencm3/libopencm3-master//lib/libopencm3_stm32f0.a(spi_common_all.o)
spi_disable_tx_dma                                /home/badger/prj/libopencm3/libopencm3-master//lib/libopencm3_stm32f0.a(spi_common_all.o)
spi_enable                                        /home/badger/prj/libopencm3/libopencm3-master//lib/libopencm3_stm32f0.a(spi_common_all.o)
                                                  disp_spi.o
spi_enable_crc                                    /home/badger/prj/libopencm3/libopencm3-master//lib/libopencm3_stm32f0.a(spi_common_all.o)
spi_enable_error_interrupt                        /home/badger/prj/libopencm3/libopencm3-master//lib/libopencm3_stm32f0.a(spi_common_all.o)
spi_enable_rx_buffer_not_empty_interrupt          /home/badger/prj/libopencm3/libopencm3-master//lib/libopencm3_stm32f0.a(spi_common_all.o)
spi_enable_rx_dma                                 /home/badger/prj/libopencm3/libopencm3-master//lib/libopencm3_stm32f0.a(spi_common_all.o)
spi_enable_software_slave_management              /home/badger/prj/libopencm3/libopencm3-master//lib/libopencm3_stm32f0.a(spi_common_all.o)
spi_enable_ss_output                              /home/badger/prj/libopencm3/libopencm3-master//lib/libopencm3_stm32f0.a(spi_common_all.o)
                                                  disp_spi.o
spi_enable_tx_buffer_empty_interrupt              /home/badger/prj/libopencm3/libopencm3-master//lib/libopencm3_stm32f0.a(spi_common_all.o)
spi_enable_tx_dma                                 /home/badger/prj/libopencm3/libopencm3-master//lib/libopencm3_stm32f0.a(spi_common_all.o)
spi_fifo_reception_threshold_16bit                /home/badger/prj/libopencm3/libopencm3-master//lib/libopencm3_stm32f0.a(spi_common_v2.o)
spi_fifo_reception_threshold_8bit                 /home/badger/prj/libopencm3/libopencm3-master//lib/libopencm3_stm32f0.a(spi_common_v2.o)
spi_init_master                                   /home/badger/prj/libopencm3/libopencm3-master//lib/libopencm3_stm32f0.a(spi_common_v2.o)
                                                  disp_spi.o
spi_read                                          /home/badger/prj/libopencm3/libopencm3-master//lib/libopencm3_stm32f0.a(spi_common_all.o)
spi_read8                                         /home/badger/prj/libopencm3/libopencm3-master//lib/libopencm3_stm32f0.a(spi_common_v2.o)
spi_reset                                         /home/badger/prj/libopencm3/libopencm3-master//lib/libopencm3_stm32f0.a(spi_common_all.o)
spi_send                                          /home/badger/prj/libopencm3/libopencm3-master//lib/libopencm3_stm32f0.a(spi_common_all.o)
                                                  disp_spi.o
spi_send8                                         /home/badger/prj/libopencm3/libopencm3-master//lib/libopencm3_stm32f0.a(spi_common_v2.o)
spi_send_lsb_first                                /home/badger/prj/libopencm3/libopencm3-master//lib/libopencm3_stm32f0.a(spi_common_all.o)
spi_send_msb_first                                /home/badger/prj/libopencm3/libopencm3-master//lib/libopencm3_stm32f0.a(spi_common_all.o)
spi_set_baudrate_prescaler                        /home/badger/prj/libopencm3/libopencm3-master//lib/libopencm3_stm32f0.a(spi_common_all.o)
spi_set_bidirectional_mode                        /home/badger/prj/libopencm3/libopencm3-master//lib/libopencm3_stm32f0.a(spi_common_all.o)
spi_set_bidirectional_receive_only_mode           /home/badger/prj/libopencm3/libopencm3-master//lib/libopencm3_stm32f0.a(spi_common_all.o)
spi_set_bidirectional_transmit_only_mode          /home/badger/prj/libopencm3/libopencm3-master//lib/libopencm3_stm32f0.a(spi_common_all.o)
spi_set_clock_phase_0                             /home/badger/prj/libopencm3/libopencm3-master//lib/libopencm3_stm32f0.a(spi_common_all.o)
spi_set_clock_phase_1                             /home/badger/prj/libopencm3/libopencm3-master//lib/libopencm3_stm32f0.a(spi_common_all.o)
spi_set_clock_polarity_0                          /home/badger/prj/libopencm3/libopencm3-master//lib/libopencm3_stm32f0.a(spi_common_all.o)
spi_set_clock_polarity_1                          /home/badger/prj/libopencm3/libopencm3-master//lib/libopencm3_stm32f0.a(spi_common_all.o)
spi_set_crcl_16bit                                /home/badger/prj/libopencm3/libopencm3-master//lib/libopencm3_stm32f0.a(spi_common_v2.o)
spi_set_crcl_8bit                                 /home/badger/prj/libopencm3/libopencm3-master//lib/libopencm3_stm32f0.a(spi_common_v2.o)
spi_set_data_size                                 /home/badger/prj/libopencm3/libopencm3-master//lib/libopencm3_stm32f0.a(spi_common_v2.o)
spi_set_full_duplex_mode                          /home/badger/prj/libopencm3/libopencm3-master//lib/libopencm3_stm32f0.a(spi_common_all.o)
spi_set_master_mode                               /home/badger/prj/libopencm3/libopencm3-master//lib/libopencm3_stm32f0.a(spi_common_all.o)
spi_set_next_tx_from_buffer                       /home/badger/prj/libopencm3/libopencm3-master//lib/libopencm3_stm32f0.a(spi_common_all.o)
spi_set_next_tx_from_crc                          /home/badger/prj/libopencm3/libopencm3-master//lib/libopencm3_stm32f0.a(spi_common_all.o)
spi_set_nss_high                                  /home/badger/prj/libopencm3/libopencm3-master//lib/libopencm3_stm32f0.a(spi_common_all.o)
spi_set_nss_low                                   /home/badger/prj/libopencm3/libopencm3-master//lib/libopencm3_stm32f0.a(spi_common_all.o)
spi_set_receive_only_mode                         /home/badger/prj/libopencm3/libopencm3-master//lib/libopencm3_stm32f0.a(spi_common_all.o)
spi_set_slave_mode                                /home/badger/prj/libopencm3/libopencm3-master//lib/libopencm3_stm32f0.a(spi_common_all.o)
spi_set_standard_mode                             /home/badger/prj/libopencm3/libopencm3-master//lib/libopencm3_stm32f0.a(spi_common_all.o)
spi_set_unidirectional_mode                       /home/badger/prj/libopencm3/libopencm3-master//lib/libopencm3_stm32f0.a(spi_common_all.o)
spi_write                                         /home/badger/prj/libopencm3/libopencm3-master//lib/libopencm3_stm32f0.a(spi_common_all.o)
spi_xfer                                          /home/badger/prj/libopencm3/libopencm3-master//lib/libopencm3_stm32f0.a(spi_common_all.o)
sv_call_handler                                   /home/badger/prj/libopencm3/libopencm3-master//lib/libopencm3_stm32f0.a(vector.o)
sys_tick_handler                                  ticker.o
systick_clear                                     /home/badger/prj/libopencm3/libopencm3-master//lib/libopencm3_stm32f0.a(systick.o)
systick_counter_disable                           /home/badger/prj/libopencm3/libopencm3-master//lib/libopencm3_stm32f0.a(systick.o)
systick_counter_enable                            /home/badger/prj/libopencm3/libopencm3-master//lib/libopencm3_stm32f0.a(systick.o)
                                                  ticker.o
systick_get_calib                                 /home/badger/prj/libopencm3/libopencm3-master//lib/libopencm3_stm32f0.a(systick.o)
systick_get_countflag                             /home/badger/prj/libopencm3/libopencm3-master//lib/libopencm3_stm32f0.a(systick.o)
systick_get_reload                                /home/badger/prj/libopencm3/libopencm3-master//lib/libopencm3_stm32f0.a(systick.o)
systick_get_value                                 /home/badger/prj/libopencm3/libopencm3-master//lib/libopencm3_stm32f0.a(systick.o)
systick_interrupt_disable                         /home/badger/prj/libopencm3/libopencm3-master//lib/libopencm3_stm32f0.a(systick.o)
systick_interrupt_enable                          /home/badger/prj/libopencm3/libopencm3-master//lib/libopencm3_stm32f0.a(systick.o)
                                                  ticker.o
systick_set_clocksource                           /home/badger/prj/libopencm3/libopencm3-master//lib/libopencm3_stm32f0.a(systick.o)
systick_set_frequency                             /home/badger/prj/libopencm3/libopencm3-master//lib/libopencm3_stm32f0.a(systick.o)
systick_set_reload                                /home/badger/prj/libopencm3/libopencm3-master//lib/libopencm3_stm32f0.a(systick.o)
                                                  ticker.o
ticker_init                                       ticker.o
                                                  main.o
ticker_msleep                                     ticker.o
                                                  main.o
tim14_isr                                         /home/badger/prj/libopencm3/libopencm3-master//lib/libopencm3_stm32f0.a(vector.o)
tim15_isr                                         /home/badger/prj/libopencm3/libopencm3-master//lib/libopencm3_stm32f0.a(vector.o)
tim16_isr                                         /home/badger/prj/libopencm3/libopencm3-master//lib/libopencm3_stm32f0.a(vector.o)
tim17_isr                                         disp.o
tim1_brk_up_trg_com_isr                           /home/badger/prj/libopencm3/libopencm3-master//lib/libopencm3_stm32f0.a(vector.o)
tim1_cc_isr                                       /home/badger/prj/libopencm3/libopencm3-master//lib/libopencm3_stm32f0.a(vector.o)
tim2_isr                                          /home/badger/prj/libopencm3/libopencm3-master//lib/libopencm3_stm32f0.a(vector.o)
tim3_isr                                          /home/badger/prj/libopencm3/libopencm3-master//lib/libopencm3_stm32f0.a(vector.o)
tim6_dac_isr                                      /home/badger/prj/libopencm3/libopencm3-master//lib/libopencm3_stm32f0.a(vector.o)
tim7_isr                                          /home/badger/prj/libopencm3/libopencm3-master//lib/libopencm3_stm32f0.a(vector.o)
timer_clear_flag                                  /home/badger/prj/libopencm3/libopencm3-master//lib/libopencm3_stm32f0.a(timer_common_all.o)
                                                  disp.o
timer_continuous_mode                             /home/badger/prj/libopencm3/libopencm3-master//lib/libopencm3_stm32f0.a(timer_common_all.o)
                                                  disp.o
timer_direction_down                              /home/badger/prj/libopencm3/libopencm3-master//lib/libopencm3_stm32f0.a(timer_common_all.o)
timer_direction_up                                /home/badger/prj/libopencm3/libopencm3-master//lib/libopencm3_stm32f0.a(timer_common_all.o)
timer_disable_break                               /home/badger/prj/libopencm3/libopencm3-master//lib/libopencm3_stm32f0.a(timer_common_all.o)
timer_disable_break_automatic_output              /home/badger/prj/libopencm3/libopencm3-master//lib/libopencm3_stm32f0.a(timer_common_all.o)
timer_disable_break_main_output                   /home/badger/prj/libopencm3/libopencm3-master//lib/libopencm3_stm32f0.a(timer_common_all.o)
timer_disable_compare_control_update_on_trigger   /home/badger/prj/libopencm3/libopencm3-master//lib/libopencm3_stm32f0.a(timer_common_all.o)
timer_disable_counter                             /home/badger/prj/libopencm3/libopencm3-master//lib/libopencm3_stm32f0.a(timer_common_all.o)
timer_disable_irq                                 /home/badger/prj/libopencm3/libopencm3-master//lib/libopencm3_stm32f0.a(timer_common_all.o)
timer_disable_oc_clear                            /home/badger/prj/libopencm3/libopencm3-master//lib/libopencm3_stm32f0.a(timer_common_all.o)
timer_disable_oc_output                           /home/badger/prj/libopencm3/libopencm3-master//lib/libopencm3_stm32f0.a(timer_common_all.o)
timer_disable_oc_preload                          /home/badger/prj/libopencm3/libopencm3-master//lib/libopencm3_stm32f0.a(timer_common_all.o)
timer_disable_preload                             /home/badger/prj/libopencm3/libopencm3-master//lib/libopencm3_stm32f0.a(timer_common_all.o)
                                                  disp.o
timer_disable_preload_complementry_enable_bits    /home/badger/prj/libopencm3/libopencm3-master//lib/libopencm3_stm32f0.a(timer_common_all.o)
timer_disable_update_event                        /home/badger/prj/libopencm3/libopencm3-master//lib/libopencm3_stm32f0.a(timer_common_all.o)
timer_enable_break                                /home/badger/prj/libopencm3/libopencm3-master//lib/libopencm3_stm32f0.a(timer_common_all.o)
timer_enable_break_automatic_output               /home/badger/prj/libopencm3/libopencm3-master//lib/libopencm3_stm32f0.a(timer_common_all.o)
timer_enable_break_main_output                    /home/badger/prj/libopencm3/libopencm3-master//lib/libopencm3_stm32f0.a(timer_common_all.o)
timer_enable_compare_control_update_on_trigger    /home/badger/prj/libopencm3/libopencm3-master//lib/libopencm3_stm32f0.a(timer_common_all.o)
timer_enable_counter                              /home/badger/prj/libopencm3/libopencm3-master//lib/libopencm3_stm32f0.a(timer_common_all.o)
                                                  disp.o
timer_enable_irq                                  /home/badger/prj/libopencm3/libopencm3-master//lib/libopencm3_stm32f0.a(timer_common_all.o)
                                                  disp.o
timer_enable_oc_clear                             /home/badger/prj/libopencm3/libopencm3-master//lib/libopencm3_stm32f0.a(timer_common_all.o)
timer_enable_oc_output                            /home/badger/prj/libopencm3/libopencm3-master//lib/libopencm3_stm32f0.a(timer_common_all.o)
timer_enable_oc_preload                           /home/badger/prj/libopencm3/libopencm3-master//lib/libopencm3_stm32f0.a(timer_common_all.o)
timer_enable_preload                              /home/badger/prj/libopencm3/libopencm3-master//lib/libopencm3_stm32f0.a(timer_common_all.o)
timer_enable_preload_complementry_enable_bits     /home/badger/prj/libopencm3/libopencm3-master//lib/libopencm3_stm32f0.a(timer_common_all.o)
timer_enable_update_event                         /home/badger/prj/libopencm3/libopencm3-master//lib/libopencm3_stm32f0.a(timer_common_all.o)
timer_generate_event                              /home/badger/prj/libopencm3/libopencm3-master//lib/libopencm3_stm32f0.a(timer_common_all.o)
timer_get_counter                                 /home/badger/prj/libopencm3/libopencm3-master//lib/libopencm3_stm32f0.a(timer_common_all.o)
timer_get_flag                                    /home/badger/prj/libopencm3/libopencm3-master//lib/libopencm3_stm32f0.a(timer_common_all.o)
                                                  disp.o
timer_ic_disable                                  /home/badger/prj/libopencm3/libopencm3-master//lib/libopencm3_stm32f0.a(timer_common_all.o)
timer_ic_enable                                   /home/badger/prj/libopencm3/libopencm3-master//lib/libopencm3_stm32f0.a(timer_common_all.o)
timer_ic_set_filter                               /home/badger/prj/libopencm3/libopencm3-master//lib/libopencm3_stm32f0.a(timer_common_all.o)
timer_ic_set_input                                /home/badger/prj/libopencm3/libopencm3-master//lib/libopencm3_stm32f0.a(timer_common_all.o)
timer_ic_set_prescaler                            /home/badger/prj/libopencm3/libopencm3-master//lib/libopencm3_stm32f0.a(timer_common_all.o)
timer_interrupt_source                            /home/badger/prj/libopencm3/libopencm3-master//lib/libopencm3_stm32f0.a(timer_common_all.o)
timer_one_shot_mode                               /home/badger/prj/libopencm3/libopencm3-master//lib/libopencm3_stm32f0.a(timer_common_all.o)
timer_reset_output_idle_state                     /home/badger/prj/libopencm3/libopencm3-master//lib/libopencm3_stm32f0.a(timer_common_all.o)
timer_set_alignment                               /home/badger/prj/libopencm3/libopencm3-master//lib/libopencm3_stm32f0.a(timer_common_all.o)
timer_set_break_lock                              /home/badger/prj/libopencm3/libopencm3-master//lib/libopencm3_stm32f0.a(timer_common_all.o)
timer_set_break_polarity_high                     /home/badger/prj/libopencm3/libopencm3-master//lib/libopencm3_stm32f0.a(timer_common_all.o)
timer_set_break_polarity_low                      /home/badger/prj/libopencm3/libopencm3-master//lib/libopencm3_stm32f0.a(timer_common_all.o)
timer_set_clock_division                          /home/badger/prj/libopencm3/libopencm3-master//lib/libopencm3_stm32f0.a(timer_common_all.o)
timer_set_counter                                 /home/badger/prj/libopencm3/libopencm3-master//lib/libopencm3_stm32f0.a(timer_common_all.o)
timer_set_deadtime                                /home/badger/prj/libopencm3/libopencm3-master//lib/libopencm3_stm32f0.a(timer_common_all.o)
timer_set_disabled_off_state_in_idle_mode         /home/badger/prj/libopencm3/libopencm3-master//lib/libopencm3_stm32f0.a(timer_common_all.o)
timer_set_disabled_off_state_in_run_mode          /home/badger/prj/libopencm3/libopencm3-master//lib/libopencm3_stm32f0.a(timer_common_all.o)
timer_set_dma_on_compare_event                    /home/badger/prj/libopencm3/libopencm3-master//lib/libopencm3_stm32f0.a(timer_common_all.o)
timer_set_dma_on_update_event                     /home/badger/prj/libopencm3/libopencm3-master//lib/libopencm3_stm32f0.a(timer_common_all.o)
timer_set_enabled_off_state_in_idle_mode          /home/badger/prj/libopencm3/libopencm3-master//lib/libopencm3_stm32f0.a(timer_common_all.o)
timer_set_enabled_off_state_in_run_mode           /home/badger/prj/libopencm3/libopencm3-master//lib/libopencm3_stm32f0.a(timer_common_all.o)
timer_set_master_mode                             /home/badger/prj/libopencm3/libopencm3-master//lib/libopencm3_stm32f0.a(timer_common_all.o)
timer_set_mode                                    /home/badger/prj/libopencm3/libopencm3-master//lib/libopencm3_stm32f0.a(timer_common_all.o)
                                                  disp.o
timer_set_oc_fast_mode                            /home/badger/prj/libopencm3/libopencm3-master//lib/libopencm3_stm32f0.a(timer_common_all.o)
timer_set_oc_idle_state_set                       /home/badger/prj/libopencm3/libopencm3-master//lib/libopencm3_stm32f0.a(timer_common_all.o)
timer_set_oc_idle_state_unset                     /home/badger/prj/libopencm3/libopencm3-master//lib/libopencm3_stm32f0.a(timer_common_all.o)
timer_set_oc_mode                                 /home/badger/prj/libopencm3/libopencm3-master//lib/libopencm3_stm32f0.a(timer_common_all.o)
timer_set_oc_polarity_high                        /home/badger/prj/libopencm3/libopencm3-master//lib/libopencm3_stm32f0.a(timer_common_all.o)
timer_set_oc_polarity_low                         /home/badger/prj/libopencm3/libopencm3-master//lib/libopencm3_stm32f0.a(timer_common_all.o)
timer_set_oc_slow_mode                            /home/badger/prj/libopencm3/libopencm3-master//lib/libopencm3_stm32f0.a(timer_common_all.o)
timer_set_oc_value                                /home/badger/prj/libopencm3/libopencm3-master//lib/libopencm3_stm32f0.a(timer_common_all.o)
timer_set_output_idle_state                       /home/badger/prj/libopencm3/libopencm3-master//lib/libopencm3_stm32f0.a(timer_common_all.o)
timer_set_period                                  /home/badger/prj/libopencm3/libopencm3-master//lib/libopencm3_stm32f0.a(timer_common_all.o)
                                                  disp.o
timer_set_prescaler                               /home/badger/prj/libopencm3/libopencm3-master//lib/libopencm3_stm32f0.a(timer_common_all.o)
                                                  disp.o
timer_set_repetition_counter                      /home/badger/prj/libopencm3/libopencm3-master//lib/libopencm3_stm32f0.a(timer_common_all.o)
timer_set_ti1_ch1                                 /home/badger/prj/libopencm3/libopencm3-master//lib/libopencm3_stm32f0.a(timer_common_all.o)
timer_set_ti1_ch123_xor                           /home/badger/prj/libopencm3/libopencm3-master//lib/libopencm3_stm32f0.a(timer_common_all.o)
timer_slave_set_filter                            /home/badger/prj/libopencm3/libopencm3-master//lib/libopencm3_stm32f0.a(timer_common_all.o)
timer_slave_set_mode                              /home/badger/prj/libopencm3/libopencm3-master//lib/libopencm3_stm32f0.a(timer_common_all.o)
timer_slave_set_polarity                          /home/badger/prj/libopencm3/libopencm3-master//lib/libopencm3_stm32f0.a(timer_common_all.o)
timer_slave_set_prescaler                         /home/badger/prj/libopencm3/libopencm3-master//lib/libopencm3_stm32f0.a(timer_common_all.o)